Archive member included because of file (symbol)

/usr/local/CrossPack-AVR-20131216/lib/gcc/avr/4.8.1/avr4/libgcc.a(_divmodhi4.o)
                              main.o (__divmodhi4)
/usr/local/CrossPack-AVR-20131216/lib/gcc/avr/4.8.1/avr4/libgcc.a(_exit.o)
                              /usr/local/CrossPack-AVR-20131216/lib/gcc/avr/4.8.1/../../../../avr/lib/avr4/crtm88pa.o (exit)
/usr/local/CrossPack-AVR-20131216/lib/gcc/avr/4.8.1/avr4/libgcc.a(_copy_data.o)
                              main.o (__do_copy_data)
/usr/local/CrossPack-AVR-20131216/lib/gcc/avr/4.8.1/avr4/libgcc.a(_clear_bss.o)
                              Sound.o (__do_clear_bss)
/usr/local/CrossPack-AVR-20131216/lib/gcc/avr/4.8.1/avr4/libgcc.a(_udivmodhi4.o)
                              /usr/local/CrossPack-AVR-20131216/lib/gcc/avr/4.8.1/avr4/libgcc.a(_divmodhi4.o) (__udivmodhi4)
/usr/local/CrossPack-AVR-20131216/lib/gcc/avr/4.8.1/../../../../avr/lib/avr4/libc.a(rand.o)
                              Random.o (rand)
/usr/local/CrossPack-AVR-20131216/lib/gcc/avr/4.8.1/../../../../avr/lib/avr4/libc.a(eerd_word_atmega88pa.o)
                              Random.o (__eerd_word_m88pa)
/usr/local/CrossPack-AVR-20131216/lib/gcc/avr/4.8.1/../../../../avr/lib/avr4/libc.a(eewr_word_atmega88pa.o)
                              Random.o (__eewr_word_m88pa)
/usr/local/CrossPack-AVR-20131216/lib/gcc/avr/4.8.1/../../../../avr/lib/avr4/libc.a(eerd_block_atmega88pa.o)
                              /usr/local/CrossPack-AVR-20131216/lib/gcc/avr/4.8.1/../../../../avr/lib/avr4/libc.a(eerd_word_atmega88pa.o) (__eerd_blraw_m88pa)
/usr/local/CrossPack-AVR-20131216/lib/gcc/avr/4.8.1/../../../../avr/lib/avr4/libc.a(eewr_byte_atmega88pa.o)
                              /usr/local/CrossPack-AVR-20131216/lib/gcc/avr/4.8.1/../../../../avr/lib/avr4/libc.a(eewr_word_atmega88pa.o) (__eewr_byte_m88pa)
/usr/local/CrossPack-AVR-20131216/lib/gcc/avr/4.8.1/avr4/libgcc.a(_divmodsi4.o)
                              /usr/local/CrossPack-AVR-20131216/lib/gcc/avr/4.8.1/../../../../avr/lib/avr4/libc.a(rand.o) (__divmodsi4)
/usr/local/CrossPack-AVR-20131216/lib/gcc/avr/4.8.1/avr4/libgcc.a(_negsi2.o)
                              /usr/local/CrossPack-AVR-20131216/lib/gcc/avr/4.8.1/avr4/libgcc.a(_divmodsi4.o) (__negsi2)
/usr/local/CrossPack-AVR-20131216/lib/gcc/avr/4.8.1/avr4/libgcc.a(_muluhisi3.o)
                              /usr/local/CrossPack-AVR-20131216/lib/gcc/avr/4.8.1/../../../../avr/lib/avr4/libc.a(rand.o) (__muluhisi3)
/usr/local/CrossPack-AVR-20131216/lib/gcc/avr/4.8.1/avr4/libgcc.a(_mulshisi3.o)
                              /usr/local/CrossPack-AVR-20131216/lib/gcc/avr/4.8.1/../../../../avr/lib/avr4/libc.a(rand.o) (__mulohisi3)
/usr/local/CrossPack-AVR-20131216/lib/gcc/avr/4.8.1/avr4/libgcc.a(_udivmodsi4.o)
                              /usr/local/CrossPack-AVR-20131216/lib/gcc/avr/4.8.1/avr4/libgcc.a(_divmodsi4.o) (__udivmodsi4)
/usr/local/CrossPack-AVR-20131216/lib/gcc/avr/4.8.1/avr4/libgcc.a(_umulhisi3.o)
                              /usr/local/CrossPack-AVR-20131216/lib/gcc/avr/4.8.1/avr4/libgcc.a(_muluhisi3.o) (__umulhisi3)

Allocating common symbols
Common symbol       size              file

swcnt               0x2               Switch.o
led                 0x8               main.o
swnow               0x1               Switch.o
ledPower            0x80              main.o
swnew               0x1               Switch.o
sw                  0x1               Switch.o
ledCount            0x2               main.o
target              0x8               main.o

Memory Configuration

Name             Origin             Length             Attributes
text             0x00000000         0x00002000         xr
data             0x00800060         0x0000ffa0         rw !x
eeprom           0x00810000         0x00010000         rw !x
fuse             0x00820000         0x00000400         rw !x
lock             0x00830000         0x00000400         rw !x
signature        0x00840000         0x00000400         rw !x
user_signatures  0x00850000         0x00000400         rw !x
*default*        0x00000000         0xffffffff

Linker script and memory map

Address of section .data set to 0x800100
LOAD /usr/local/CrossPack-AVR-20131216/lib/gcc/avr/4.8.1/../../../../avr/lib/avr4/crtm88pa.o
LOAD Sound.o
LOAD Switch.o
LOAD Random.o
LOAD main.o
START GROUP
LOAD /usr/local/CrossPack-AVR-20131216/lib/gcc/avr/4.8.1/avr4/libgcc.a
LOAD /usr/local/CrossPack-AVR-20131216/lib/gcc/avr/4.8.1/../../../../avr/lib/avr4/libm.a
LOAD /usr/local/CrossPack-AVR-20131216/lib/gcc/avr/4.8.1/../../../../avr/lib/avr4/libc.a
END GROUP

.hash
 *(.hash)

.dynsym
 *(.dynsym)

.dynstr
 *(.dynstr)

.gnu.version
 *(.gnu.version)

.gnu.version_d
 *(.gnu.version_d)

.gnu.version_r
 *(.gnu.version_r)

.rel.init
 *(.rel.init)

.rela.init
 *(.rela.init)

.rel.text
 *(.rel.text)
 *(.rel.text.*)
 *(.rel.gnu.linkonce.t*)

.rela.text
 *(.rela.text)
 *(.rela.text.*)
 *(.rela.gnu.linkonce.t*)

.rel.fini
 *(.rel.fini)

.rela.fini
 *(.rela.fini)

.rel.rodata
 *(.rel.rodata)
 *(.rel.rodata.*)
 *(.rel.gnu.linkonce.r*)

.rela.rodata
 *(.rela.rodata)
 *(.rela.rodata.*)
 *(.rela.gnu.linkonce.r*)

.rel.data
 *(.rel.data)
 *(.rel.data.*)
 *(.rel.gnu.linkonce.d*)

.rela.data
 *(.rela.data)
 *(.rela.data.*)
 *(.rela.gnu.linkonce.d*)

.rel.ctors
 *(.rel.ctors)

.rela.ctors
 *(.rela.ctors)

.rel.dtors
 *(.rel.dtors)

.rela.dtors
 *(.rela.dtors)

.rel.got
 *(.rel.got)

.rela.got
 *(.rela.got)

.rel.bss
 *(.rel.bss)

.rela.bss
 *(.rela.bss)

.rel.plt
 *(.rel.plt)

.rela.plt
 *(.rela.plt)

.text           0x00000000      0xd62
 *(.vectors)
 .vectors       0x00000000       0x34 /usr/local/CrossPack-AVR-20131216/lib/gcc/avr/4.8.1/../../../../avr/lib/avr4/crtm88pa.o
                0x00000000                __vectors
                0x00000000                __vector_default
 *(.vectors)
 *(.progmem.gcc*)
                0x00000034                . = ALIGN (0x2)
                0x00000034                __trampolines_start = .
 *(.trampolines)
 .trampolines   0x00000034        0x0 linker stubs
 *(.trampolines*)
                0x00000034                __trampolines_end = .
 *(.progmem*)
                0x00000034                . = ALIGN (0x2)
 *(.jumptables)
 *(.jumptables*)
 *(.lowtext)
 *(.lowtext*)
                0x00000034                __ctors_start = .
 *(.ctors)
                0x00000034                __ctors_end = .
                0x00000034                __dtors_start = .
 *(.dtors)
                0x00000034                __dtors_end = .
 SORT(*)(.ctors)
 SORT(*)(.dtors)
 *(.init0)
 .init0         0x00000034        0x0 /usr/local/CrossPack-AVR-20131216/lib/gcc/avr/4.8.1/../../../../avr/lib/avr4/crtm88pa.o
                0x00000034                __init
 *(.init0)
 *(.init1)
 *(.init1)
 *(.init2)
 .init2         0x00000034        0xc /usr/local/CrossPack-AVR-20131216/lib/gcc/avr/4.8.1/../../../../avr/lib/avr4/crtm88pa.o
 *(.init2)
 *(.init3)
 *(.init3)
 *(.init4)
 .init4         0x00000040       0x16 /usr/local/CrossPack-AVR-20131216/lib/gcc/avr/4.8.1/avr4/libgcc.a(_copy_data.o)
                0x00000040                __do_copy_data
 .init4         0x00000056       0x10 /usr/local/CrossPack-AVR-20131216/lib/gcc/avr/4.8.1/avr4/libgcc.a(_clear_bss.o)
                0x00000056                __do_clear_bss
 *(.init4)
 *(.init5)
 *(.init5)
 *(.init6)
 *(.init6)
 *(.init7)
 *(.init7)
 *(.init8)
 *(.init8)
 *(.init9)
 .init9         0x00000066        0x4 /usr/local/CrossPack-AVR-20131216/lib/gcc/avr/4.8.1/../../../../avr/lib/avr4/crtm88pa.o
 *(.init9)
 *(.text)
 .text          0x0000006a        0x2 /usr/local/CrossPack-AVR-20131216/lib/gcc/avr/4.8.1/../../../../avr/lib/avr4/crtm88pa.o
                0x0000006a                __vector_20
                0x0000006a                __vector_1
                0x0000006a                __vector_24
                0x0000006a                __vector_12
                0x0000006a                __bad_interrupt
                0x0000006a                __vector_6
                0x0000006a                __vector_3
                0x0000006a                __vector_23
                0x0000006a                __vector_25
                0x0000006a                __vector_13
                0x0000006a                __vector_17
                0x0000006a                __vector_19
                0x0000006a                __vector_7
                0x0000006a                __vector_5
                0x0000006a                __vector_9
                0x0000006a                __vector_2
                0x0000006a                __vector_21
                0x0000006a                __vector_15
                0x0000006a                __vector_8
                0x0000006a                __vector_10
                0x0000006a                __vector_16
                0x0000006a                __vector_18
                0x0000006a                __vector_22
 .text          0x0000006c       0x4a Sound.o
                0x0000006c                sound_init
                0x00000078                _sound
                0x0000008e                sound_update
 .text          0x000000b6       0xc6 Switch.o
                0x000000b6                __vector_4
                0x000000de                switch_init
                0x000000fc                switch_update
                0x00000154                switch_isChanged
                0x00000174                switch_getState
 .text          0x0000017c       0x14 Random.o
                0x0000017c                random_init
                0x0000018e                random_rand
 .text          0x00000190      0x9a4 main.o
                0x00000190                __vector_11
                0x00000316                led_init
                0x0000034c                game_init
                0x000003f2                timer_init
                0x0000040a                game_finished
                0x0000040c                game_menu
                0x0000040e                countTurnOver
                0x000004b0                judgePutStone
                0x000005ac                putStone
                0x000006ae                isFinishGame
                0x0000073e                game_play
                0x000007e8                replace
                0x0000082e                sortLED
                0x00000948                game_finish
                0x00000958                random_ai
                0x00000a62                __vector_14
 .text          0x00000b34        0x0 /usr/local/CrossPack-AVR-20131216/lib/gcc/avr/4.8.1/avr4/libgcc.a(_divmodhi4.o)
 .text          0x00000b34        0x0 /usr/local/CrossPack-AVR-20131216/lib/gcc/avr/4.8.1/avr4/libgcc.a(_exit.o)
 .text          0x00000b34        0x0 /usr/local/CrossPack-AVR-20131216/lib/gcc/avr/4.8.1/avr4/libgcc.a(_copy_data.o)
 .text          0x00000b34        0x0 /usr/local/CrossPack-AVR-20131216/lib/gcc/avr/4.8.1/avr4/libgcc.a(_clear_bss.o)
 .text          0x00000b34        0x0 /usr/local/CrossPack-AVR-20131216/lib/gcc/avr/4.8.1/avr4/libgcc.a(_udivmodhi4.o)
 .text          0x00000b34        0x0 /usr/local/CrossPack-AVR-20131216/lib/gcc/avr/4.8.1/../../../../avr/lib/avr4/libc.a(rand.o)
 .text          0x00000b34        0x0 /usr/local/CrossPack-AVR-20131216/lib/gcc/avr/4.8.1/../../../../avr/lib/avr4/libc.a(eerd_word_atmega88pa.o)
 .text          0x00000b34        0x0 /usr/local/CrossPack-AVR-20131216/lib/gcc/avr/4.8.1/../../../../avr/lib/avr4/libc.a(eewr_word_atmega88pa.o)
 .text          0x00000b34        0x0 /usr/local/CrossPack-AVR-20131216/lib/gcc/avr/4.8.1/../../../../avr/lib/avr4/libc.a(eerd_block_atmega88pa.o)
 .text          0x00000b34        0x0 /usr/local/CrossPack-AVR-20131216/lib/gcc/avr/4.8.1/../../../../avr/lib/avr4/libc.a(eewr_byte_atmega88pa.o)
 .text          0x00000b34        0x0 /usr/local/CrossPack-AVR-20131216/lib/gcc/avr/4.8.1/avr4/libgcc.a(_divmodsi4.o)
 .text          0x00000b34        0x0 /usr/local/CrossPack-AVR-20131216/lib/gcc/avr/4.8.1/avr4/libgcc.a(_negsi2.o)
 .text          0x00000b34        0x0 /usr/local/CrossPack-AVR-20131216/lib/gcc/avr/4.8.1/avr4/libgcc.a(_muluhisi3.o)
 .text          0x00000b34        0x0 /usr/local/CrossPack-AVR-20131216/lib/gcc/avr/4.8.1/avr4/libgcc.a(_mulshisi3.o)
 .text          0x00000b34        0x0 /usr/local/CrossPack-AVR-20131216/lib/gcc/avr/4.8.1/avr4/libgcc.a(_udivmodsi4.o)
 .text          0x00000b34        0x0 /usr/local/CrossPack-AVR-20131216/lib/gcc/avr/4.8.1/avr4/libgcc.a(_umulhisi3.o)
                0x00000b34                . = ALIGN (0x2)
 *(.text.*)
 .text.startup  0x00000b34       0x2a main.o
                0x00000b34                main
 .text.libgcc.mul
                0x00000b5e        0x0 /usr/local/CrossPack-AVR-20131216/lib/gcc/avr/4.8.1/avr4/libgcc.a(_divmodhi4.o)
 .text.libgcc.div
                0x00000b5e       0x26 /usr/local/CrossPack-AVR-20131216/lib/gcc/avr/4.8.1/avr4/libgcc.a(_divmodhi4.o)
                0x00000b5e                __divmodhi4
                0x00000b5e                _div
 .text.libgcc   0x00000b84        0x0 /usr/local/CrossPack-AVR-20131216/lib/gcc/avr/4.8.1/avr4/libgcc.a(_divmodhi4.o)
 .text.libgcc.prologue
                0x00000b84        0x0 /usr/local/CrossPack-AVR-20131216/lib/gcc/avr/4.8.1/avr4/libgcc.a(_divmodhi4.o)
 .text.libgcc.builtins
                0x00000b84        0x0 /usr/local/CrossPack-AVR-20131216/lib/gcc/avr/4.8.1/avr4/libgcc.a(_divmodhi4.o)
 .text.libgcc.fmul
                0x00000b84        0x0 /usr/local/CrossPack-AVR-20131216/lib/gcc/avr/4.8.1/avr4/libgcc.a(_divmodhi4.o)
 .text.libgcc.fixed
                0x00000b84        0x0 /usr/local/CrossPack-AVR-20131216/lib/gcc/avr/4.8.1/avr4/libgcc.a(_divmodhi4.o)
 .text.libgcc.mul
                0x00000b84        0x0 /usr/local/CrossPack-AVR-20131216/lib/gcc/avr/4.8.1/avr4/libgcc.a(_exit.o)
 .text.libgcc.div
                0x00000b84        0x0 /usr/local/CrossPack-AVR-20131216/lib/gcc/avr/4.8.1/avr4/libgcc.a(_exit.o)
 .text.libgcc   0x00000b84        0x0 /usr/local/CrossPack-AVR-20131216/lib/gcc/avr/4.8.1/avr4/libgcc.a(_exit.o)
 .text.libgcc.prologue
                0x00000b84        0x0 /usr/local/CrossPack-AVR-20131216/lib/gcc/avr/4.8.1/avr4/libgcc.a(_exit.o)
 .text.libgcc.builtins
                0x00000b84        0x0 /usr/local/CrossPack-AVR-20131216/lib/gcc/avr/4.8.1/avr4/libgcc.a(_exit.o)
 .text.libgcc.fmul
                0x00000b84        0x0 /usr/local/CrossPack-AVR-20131216/lib/gcc/avr/4.8.1/avr4/libgcc.a(_exit.o)
 .text.libgcc.fixed
                0x00000b84        0x0 /usr/local/CrossPack-AVR-20131216/lib/gcc/avr/4.8.1/avr4/libgcc.a(_exit.o)
 .text.libgcc.mul
                0x00000b84        0x0 /usr/local/CrossPack-AVR-20131216/lib/gcc/avr/4.8.1/avr4/libgcc.a(_copy_data.o)
 .text.libgcc.div
                0x00000b84        0x0 /usr/local/CrossPack-AVR-20131216/lib/gcc/avr/4.8.1/avr4/libgcc.a(_copy_data.o)
 .text.libgcc   0x00000b84        0x0 /usr/local/CrossPack-AVR-20131216/lib/gcc/avr/4.8.1/avr4/libgcc.a(_copy_data.o)
 .text.libgcc.prologue
                0x00000b84        0x0 /usr/local/CrossPack-AVR-20131216/lib/gcc/avr/4.8.1/avr4/libgcc.a(_copy_data.o)
 .text.libgcc.builtins
                0x00000b84        0x0 /usr/local/CrossPack-AVR-20131216/lib/gcc/avr/4.8.1/avr4/libgcc.a(_copy_data.o)
 .text.libgcc.fmul
                0x00000b84        0x0 /usr/local/CrossPack-AVR-20131216/lib/gcc/avr/4.8.1/avr4/libgcc.a(_copy_data.o)
 .text.libgcc.fixed
                0x00000b84        0x0 /usr/local/CrossPack-AVR-20131216/lib/gcc/avr/4.8.1/avr4/libgcc.a(_copy_data.o)
 .text.libgcc.mul
                0x00000b84        0x0 /usr/local/CrossPack-AVR-20131216/lib/gcc/avr/4.8.1/avr4/libgcc.a(_clear_bss.o)
 .text.libgcc.div
                0x00000b84        0x0 /usr/local/CrossPack-AVR-20131216/lib/gcc/avr/4.8.1/avr4/libgcc.a(_clear_bss.o)
 .text.libgcc   0x00000b84        0x0 /usr/local/CrossPack-AVR-20131216/lib/gcc/avr/4.8.1/avr4/libgcc.a(_clear_bss.o)
 .text.libgcc.prologue
                0x00000b84        0x0 /usr/local/CrossPack-AVR-20131216/lib/gcc/avr/4.8.1/avr4/libgcc.a(_clear_bss.o)
 .text.libgcc.builtins
                0x00000b84        0x0 /usr/local/CrossPack-AVR-20131216/lib/gcc/avr/4.8.1/avr4/libgcc.a(_clear_bss.o)
 .text.libgcc.fmul
                0x00000b84        0x0 /usr/local/CrossPack-AVR-20131216/lib/gcc/avr/4.8.1/avr4/libgcc.a(_clear_bss.o)
 .text.libgcc.fixed
                0x00000b84        0x0 /usr/local/CrossPack-AVR-20131216/lib/gcc/avr/4.8.1/avr4/libgcc.a(_clear_bss.o)
 .text.libgcc.mul
                0x00000b84        0x0 /usr/local/CrossPack-AVR-20131216/lib/gcc/avr/4.8.1/avr4/libgcc.a(_udivmodhi4.o)
 .text.libgcc.div
                0x00000b84       0x28 /usr/local/CrossPack-AVR-20131216/lib/gcc/avr/4.8.1/avr4/libgcc.a(_udivmodhi4.o)
                0x00000b84                __udivmodhi4
 .text.libgcc   0x00000bac        0x0 /usr/local/CrossPack-AVR-20131216/lib/gcc/avr/4.8.1/avr4/libgcc.a(_udivmodhi4.o)
 .text.libgcc.prologue
                0x00000bac        0x0 /usr/local/CrossPack-AVR-20131216/lib/gcc/avr/4.8.1/avr4/libgcc.a(_udivmodhi4.o)
 .text.libgcc.builtins
                0x00000bac        0x0 /usr/local/CrossPack-AVR-20131216/lib/gcc/avr/4.8.1/avr4/libgcc.a(_udivmodhi4.o)
 .text.libgcc.fmul
                0x00000bac        0x0 /usr/local/CrossPack-AVR-20131216/lib/gcc/avr/4.8.1/avr4/libgcc.a(_udivmodhi4.o)
 .text.libgcc.fixed
                0x00000bac        0x0 /usr/local/CrossPack-AVR-20131216/lib/gcc/avr/4.8.1/avr4/libgcc.a(_udivmodhi4.o)
 .text.avr-libc
                0x00000bac       0xb2 /usr/local/CrossPack-AVR-20131216/lib/gcc/avr/4.8.1/../../../../avr/lib/avr4/libc.a(rand.o)
                0x00000c3c                rand_r
                0x00000c40                rand
                0x00000c48                srand
 .text.avr-libc
                0x00000c5e        0xa /usr/local/CrossPack-AVR-20131216/lib/gcc/avr/4.8.1/../../../../avr/lib/avr4/libc.a(eerd_word_atmega88pa.o)
                0x00000c5e                __eerd_word_m88pa
 .text.avr-libc
                0x00000c68        0x6 /usr/local/CrossPack-AVR-20131216/lib/gcc/avr/4.8.1/../../../../avr/lib/avr4/libc.a(eewr_word_atmega88pa.o)
                0x00000c68                __eewr_word_m88pa
 .text.avr-libc
                0x00000c6e       0x20 /usr/local/CrossPack-AVR-20131216/lib/gcc/avr/4.8.1/../../../../avr/lib/avr4/libc.a(eerd_block_atmega88pa.o)
                0x00000c6e                __eerd_block_m88pa
                0x00000c72                __eerd_blraw_m88pa
 .text.avr-libc
                0x00000c8e       0x1c /usr/local/CrossPack-AVR-20131216/lib/gcc/avr/4.8.1/../../../../avr/lib/avr4/libc.a(eewr_byte_atmega88pa.o)
                0x00000c8e                __eewr_byte_m88pa
                0x00000c90                __eewr_r18_m88pa
 .text.libgcc.mul
                0x00000caa        0x0 /usr/local/CrossPack-AVR-20131216/lib/gcc/avr/4.8.1/avr4/libgcc.a(_divmodsi4.o)
 .text.libgcc.div
                0x00000caa       0x28 /usr/local/CrossPack-AVR-20131216/lib/gcc/avr/4.8.1/avr4/libgcc.a(_divmodsi4.o)
                0x00000caa                __divmodsi4
 .text.libgcc   0x00000cd2        0x0 /usr/local/CrossPack-AVR-20131216/lib/gcc/avr/4.8.1/avr4/libgcc.a(_divmodsi4.o)
 .text.libgcc.prologue
                0x00000cd2        0x0 /usr/local/CrossPack-AVR-20131216/lib/gcc/avr/4.8.1/avr4/libgcc.a(_divmodsi4.o)
 .text.libgcc.builtins
                0x00000cd2        0x0 /usr/local/CrossPack-AVR-20131216/lib/gcc/avr/4.8.1/avr4/libgcc.a(_divmodsi4.o)
 .text.libgcc.fmul
                0x00000cd2        0x0 /usr/local/CrossPack-AVR-20131216/lib/gcc/avr/4.8.1/avr4/libgcc.a(_divmodsi4.o)
 .text.libgcc.fixed
                0x00000cd2        0x0 /usr/local/CrossPack-AVR-20131216/lib/gcc/avr/4.8.1/avr4/libgcc.a(_divmodsi4.o)
 .text.libgcc.mul
                0x00000cd2        0x0 /usr/local/CrossPack-AVR-20131216/lib/gcc/avr/4.8.1/avr4/libgcc.a(_negsi2.o)
 .text.libgcc.div
                0x00000cd2       0x10 /usr/local/CrossPack-AVR-20131216/lib/gcc/avr/4.8.1/avr4/libgcc.a(_negsi2.o)
                0x00000cd2                __negsi2
 .text.libgcc   0x00000ce2        0x0 /usr/local/CrossPack-AVR-20131216/lib/gcc/avr/4.8.1/avr4/libgcc.a(_negsi2.o)
 .text.libgcc.prologue
                0x00000ce2        0x0 /usr/local/CrossPack-AVR-20131216/lib/gcc/avr/4.8.1/avr4/libgcc.a(_negsi2.o)
 .text.libgcc.builtins
                0x00000ce2        0x0 /usr/local/CrossPack-AVR-20131216/lib/gcc/avr/4.8.1/avr4/libgcc.a(_negsi2.o)
 .text.libgcc.fmul
                0x00000ce2        0x0 /usr/local/CrossPack-AVR-20131216/lib/gcc/avr/4.8.1/avr4/libgcc.a(_negsi2.o)
 .text.libgcc.fixed
                0x00000ce2        0x0 /usr/local/CrossPack-AVR-20131216/lib/gcc/avr/4.8.1/avr4/libgcc.a(_negsi2.o)
 .text.libgcc.mul
                0x00000ce2       0x14 /usr/local/CrossPack-AVR-20131216/lib/gcc/avr/4.8.1/avr4/libgcc.a(_muluhisi3.o)
                0x00000ce2                __muluhisi3
 .text.libgcc.div
                0x00000cf6        0x0 /usr/local/CrossPack-AVR-20131216/lib/gcc/avr/4.8.1/avr4/libgcc.a(_muluhisi3.o)
 .text.libgcc   0x00000cf6        0x0 /usr/local/CrossPack-AVR-20131216/lib/gcc/avr/4.8.1/avr4/libgcc.a(_muluhisi3.o)
 .text.libgcc.prologue
                0x00000cf6        0x0 /usr/local/CrossPack-AVR-20131216/lib/gcc/avr/4.8.1/avr4/libgcc.a(_muluhisi3.o)
 .text.libgcc.builtins
                0x00000cf6        0x0 /usr/local/CrossPack-AVR-20131216/lib/gcc/avr/4.8.1/avr4/libgcc.a(_muluhisi3.o)
 .text.libgcc.fmul
                0x00000cf6        0x0 /usr/local/CrossPack-AVR-20131216/lib/gcc/avr/4.8.1/avr4/libgcc.a(_muluhisi3.o)
 .text.libgcc.fixed
                0x00000cf6        0x0 /usr/local/CrossPack-AVR-20131216/lib/gcc/avr/4.8.1/avr4/libgcc.a(_muluhisi3.o)
 .text.libgcc.mul
                0x00000cf6        0xc /usr/local/CrossPack-AVR-20131216/lib/gcc/avr/4.8.1/avr4/libgcc.a(_mulshisi3.o)
                0x00000cf6                __mulshisi3
                0x00000cfa                __mulohisi3
 .text.libgcc.div
                0x00000d02        0x0 /usr/local/CrossPack-AVR-20131216/lib/gcc/avr/4.8.1/avr4/libgcc.a(_mulshisi3.o)
 .text.libgcc   0x00000d02        0x0 /usr/local/CrossPack-AVR-20131216/lib/gcc/avr/4.8.1/avr4/libgcc.a(_mulshisi3.o)
 .text.libgcc.prologue
                0x00000d02        0x0 /usr/local/CrossPack-AVR-20131216/lib/gcc/avr/4.8.1/avr4/libgcc.a(_mulshisi3.o)
 .text.libgcc.builtins
                0x00000d02        0x0 /usr/local/CrossPack-AVR-20131216/lib/gcc/avr/4.8.1/avr4/libgcc.a(_mulshisi3.o)
 .text.libgcc.fmul
                0x00000d02        0x0 /usr/local/CrossPack-AVR-20131216/lib/gcc/avr/4.8.1/avr4/libgcc.a(_mulshisi3.o)
 .text.libgcc.fixed
                0x00000d02        0x0 /usr/local/CrossPack-AVR-20131216/lib/gcc/avr/4.8.1/avr4/libgcc.a(_mulshisi3.o)
 .text.libgcc.mul
                0x00000d02        0x0 /usr/local/CrossPack-AVR-20131216/lib/gcc/avr/4.8.1/avr4/libgcc.a(_udivmodsi4.o)
 .text.libgcc.div
                0x00000d02       0x44 /usr/local/CrossPack-AVR-20131216/lib/gcc/avr/4.8.1/avr4/libgcc.a(_udivmodsi4.o)
                0x00000d02                __udivmodsi4
 .text.libgcc   0x00000d46        0x0 /usr/local/CrossPack-AVR-20131216/lib/gcc/avr/4.8.1/avr4/libgcc.a(_udivmodsi4.o)
 .text.libgcc.prologue
                0x00000d46        0x0 /usr/local/CrossPack-AVR-20131216/lib/gcc/avr/4.8.1/avr4/libgcc.a(_udivmodsi4.o)
 .text.libgcc.builtins
                0x00000d46        0x0 /usr/local/CrossPack-AVR-20131216/lib/gcc/avr/4.8.1/avr4/libgcc.a(_udivmodsi4.o)
 .text.libgcc.fmul
                0x00000d46        0x0 /usr/local/CrossPack-AVR-20131216/lib/gcc/avr/4.8.1/avr4/libgcc.a(_udivmodsi4.o)
 .text.libgcc.fixed
                0x00000d46        0x0 /usr/local/CrossPack-AVR-20131216/lib/gcc/avr/4.8.1/avr4/libgcc.a(_udivmodsi4.o)
 .text.libgcc.mul
                0x00000d46       0x18 /usr/local/CrossPack-AVR-20131216/lib/gcc/avr/4.8.1/avr4/libgcc.a(_umulhisi3.o)
                0x00000d46                __umulhisi3
 .text.libgcc.div
                0x00000d5e        0x0 /usr/local/CrossPack-AVR-20131216/lib/gcc/avr/4.8.1/avr4/libgcc.a(_umulhisi3.o)
 .text.libgcc   0x00000d5e        0x0 /usr/local/CrossPack-AVR-20131216/lib/gcc/avr/4.8.1/avr4/libgcc.a(_umulhisi3.o)
 .text.libgcc.prologue
                0x00000d5e        0x0 /usr/local/CrossPack-AVR-20131216/lib/gcc/avr/4.8.1/avr4/libgcc.a(_umulhisi3.o)
 .text.libgcc.builtins
                0x00000d5e        0x0 /usr/local/CrossPack-AVR-20131216/lib/gcc/avr/4.8.1/avr4/libgcc.a(_umulhisi3.o)
 .text.libgcc.fmul
                0x00000d5e        0x0 /usr/local/CrossPack-AVR-20131216/lib/gcc/avr/4.8.1/avr4/libgcc.a(_umulhisi3.o)
 .text.libgcc.fixed
                0x00000d5e        0x0 /usr/local/CrossPack-AVR-20131216/lib/gcc/avr/4.8.1/avr4/libgcc.a(_umulhisi3.o)
                0x00000d5e                . = ALIGN (0x2)
 *(.fini9)
 .fini9         0x00000d5e        0x0 /usr/local/CrossPack-AVR-20131216/lib/gcc/avr/4.8.1/avr4/libgcc.a(_exit.o)
                0x00000d5e                exit
                0x00000d5e                _exit
 *(.fini9)
 *(.fini8)
 *(.fini8)
 *(.fini7)
 *(.fini7)
 *(.fini6)
 *(.fini6)
 *(.fini5)
 *(.fini5)
 *(.fini4)
 *(.fini4)
 *(.fini3)
 *(.fini3)
 *(.fini2)
 *(.fini2)
 *(.fini1)
 *(.fini1)
 *(.fini0)
 .fini0         0x00000d5e        0x4 /usr/local/CrossPack-AVR-20131216/lib/gcc/avr/4.8.1/avr4/libgcc.a(_exit.o)
 *(.fini0)
                0x00000d62                _etext = .

.data           0x00800100       0x84 load address 0x00000d62
                0x00800100                PROVIDE (__data_start, .)
 *(.data)
 .data          0x00800100        0x0 /usr/local/CrossPack-AVR-20131216/lib/gcc/avr/4.8.1/../../../../avr/lib/avr4/crtm88pa.o
 .data          0x00800100        0x0 Sound.o
 .data          0x00800100        0x0 Switch.o
 .data          0x00800100        0x0 Random.o
 .data          0x00800100       0x80 main.o
 .data          0x00800180        0x0 /usr/local/CrossPack-AVR-20131216/lib/gcc/avr/4.8.1/avr4/libgcc.a(_divmodhi4.o)
 .data          0x00800180        0x0 /usr/local/CrossPack-AVR-20131216/lib/gcc/avr/4.8.1/avr4/libgcc.a(_exit.o)
 .data          0x00800180        0x0 /usr/local/CrossPack-AVR-20131216/lib/gcc/avr/4.8.1/avr4/libgcc.a(_copy_data.o)
 .data          0x00800180        0x0 /usr/local/CrossPack-AVR-20131216/lib/gcc/avr/4.8.1/avr4/libgcc.a(_clear_bss.o)
 .data          0x00800180        0x0 /usr/local/CrossPack-AVR-20131216/lib/gcc/avr/4.8.1/avr4/libgcc.a(_udivmodhi4.o)
 .data          0x00800180        0x4 /usr/local/CrossPack-AVR-20131216/lib/gcc/avr/4.8.1/../../../../avr/lib/avr4/libc.a(rand.o)
 .data          0x00800184        0x0 /usr/local/CrossPack-AVR-20131216/lib/gcc/avr/4.8.1/../../../../avr/lib/avr4/libc.a(eerd_word_atmega88pa.o)
 .data          0x00800184        0x0 /usr/local/CrossPack-AVR-20131216/lib/gcc/avr/4.8.1/../../../../avr/lib/avr4/libc.a(eewr_word_atmega88pa.o)
 .data          0x00800184        0x0 /usr/local/CrossPack-AVR-20131216/lib/gcc/avr/4.8.1/../../../../avr/lib/avr4/libc.a(eerd_block_atmega88pa.o)
 .data          0x00800184        0x0 /usr/local/CrossPack-AVR-20131216/lib/gcc/avr/4.8.1/../../../../avr/lib/avr4/libc.a(eewr_byte_atmega88pa.o)
 .data          0x00800184        0x0 /usr/local/CrossPack-AVR-20131216/lib/gcc/avr/4.8.1/avr4/libgcc.a(_divmodsi4.o)
 .data          0x00800184        0x0 /usr/local/CrossPack-AVR-20131216/lib/gcc/avr/4.8.1/avr4/libgcc.a(_negsi2.o)
 .data          0x00800184        0x0 /usr/local/CrossPack-AVR-20131216/lib/gcc/avr/4.8.1/avr4/libgcc.a(_muluhisi3.o)
 .data          0x00800184        0x0 /usr/local/CrossPack-AVR-20131216/lib/gcc/avr/4.8.1/avr4/libgcc.a(_mulshisi3.o)
 .data          0x00800184        0x0 /usr/local/CrossPack-AVR-20131216/lib/gcc/avr/4.8.1/avr4/libgcc.a(_udivmodsi4.o)
 .data          0x00800184        0x0 /usr/local/CrossPack-AVR-20131216/lib/gcc/avr/4.8.1/avr4/libgcc.a(_umulhisi3.o)
 *(.data*)
 *(.rodata)
 *(.rodata*)
 *(.gnu.linkonce.d*)
                0x00800184                . = ALIGN (0x2)
                0x00800184                _edata = .
                0x00800184                PROVIDE (__data_end, .)

.bss            0x00800184       0xa4
                0x00800184                PROVIDE (__bss_start, .)
 *(.bss)
 .bss           0x00800184        0x0 /usr/local/CrossPack-AVR-20131216/lib/gcc/avr/4.8.1/../../../../avr/lib/avr4/crtm88pa.o
 .bss           0x00800184        0x2 Sound.o
 .bss           0x00800186        0x1 Switch.o
                0x00800186                pc
 .bss           0x00800187        0x0 Random.o
 .bss           0x00800187        0xa main.o
 .bss           0x00800191        0x0 /usr/local/CrossPack-AVR-20131216/lib/gcc/avr/4.8.1/avr4/libgcc.a(_divmodhi4.o)
 .bss           0x00800191        0x0 /usr/local/CrossPack-AVR-20131216/lib/gcc/avr/4.8.1/avr4/libgcc.a(_exit.o)
 .bss           0x00800191        0x0 /usr/local/CrossPack-AVR-20131216/lib/gcc/avr/4.8.1/avr4/libgcc.a(_copy_data.o)
 .bss           0x00800191        0x0 /usr/local/CrossPack-AVR-20131216/lib/gcc/avr/4.8.1/avr4/libgcc.a(_clear_bss.o)
 .bss           0x00800191        0x0 /usr/local/CrossPack-AVR-20131216/lib/gcc/avr/4.8.1/avr4/libgcc.a(_udivmodhi4.o)
 .bss           0x00800191        0x0 /usr/local/CrossPack-AVR-20131216/lib/gcc/avr/4.8.1/../../../../avr/lib/avr4/libc.a(rand.o)
 .bss           0x00800191        0x0 /usr/local/CrossPack-AVR-20131216/lib/gcc/avr/4.8.1/../../../../avr/lib/avr4/libc.a(eerd_word_atmega88pa.o)
 .bss           0x00800191        0x0 /usr/local/CrossPack-AVR-20131216/lib/gcc/avr/4.8.1/../../../../avr/lib/avr4/libc.a(eewr_word_atmega88pa.o)
 .bss           0x00800191        0x0 /usr/local/CrossPack-AVR-20131216/lib/gcc/avr/4.8.1/../../../../avr/lib/avr4/libc.a(eerd_block_atmega88pa.o)
 .bss           0x00800191        0x0 /usr/local/CrossPack-AVR-20131216/lib/gcc/avr/4.8.1/../../../../avr/lib/avr4/libc.a(eewr_byte_atmega88pa.o)
 .bss           0x00800191        0x0 /usr/local/CrossPack-AVR-20131216/lib/gcc/avr/4.8.1/avr4/libgcc.a(_divmodsi4.o)
 .bss           0x00800191        0x0 /usr/local/CrossPack-AVR-20131216/lib/gcc/avr/4.8.1/avr4/libgcc.a(_negsi2.o)
 .bss           0x00800191        0x0 /usr/local/CrossPack-AVR-20131216/lib/gcc/avr/4.8.1/avr4/libgcc.a(_muluhisi3.o)
 .bss           0x00800191        0x0 /usr/local/CrossPack-AVR-20131216/lib/gcc/avr/4.8.1/avr4/libgcc.a(_mulshisi3.o)
 .bss           0x00800191        0x0 /usr/local/CrossPack-AVR-20131216/lib/gcc/avr/4.8.1/avr4/libgcc.a(_udivmodsi4.o)
 .bss           0x00800191        0x0 /usr/local/CrossPack-AVR-20131216/lib/gcc/avr/4.8.1/avr4/libgcc.a(_umulhisi3.o)
 *(.bss*)
 *(COMMON)
 COMMON         0x00800191        0x5 Switch.o
                0x00800191                swcnt
                0x00800193                swnow
                0x00800194                swnew
                0x00800195                sw
 COMMON         0x00800196       0x92 main.o
                0x00800196                led
                0x0080019e                ledPower
                0x0080021e                ledCount
                0x00800220                target
                0x00800228                PROVIDE (__bss_end, .)
                0x00000d62                __data_load_start = LOADADDR (.data)
                0x00000de6                __data_load_end = (__data_load_start + SIZEOF (.data))

.noinit         0x00800228        0x0
                0x00800228                PROVIDE (__noinit_start, .)
 *(.noinit*)
                0x00800228                PROVIDE (__noinit_end, .)
                0x00800228                _end = .
                0x00800228                PROVIDE (__heap_start, .)

.eeprom         0x00810000        0x0
 *(.eeprom*)
                0x00810000                __eeprom_end = .

.fuse
 *(.fuse)
 *(.lfuse)
 *(.hfuse)
 *(.efuse)

.lock
 *(.lock*)

.signature
 *(.signature*)

.user_signatures
 *(.user_signatures*)

.stab
 *(.stab)

.stabstr
 *(.stabstr)

.stab.excl
 *(.stab.excl)

.stab.exclstr
 *(.stab.exclstr)

.stab.index
 *(.stab.index)

.stab.indexstr
 *(.stab.indexstr)

.comment        0x00000000       0x11
 *(.comment)
 .comment       0x00000000       0x11 Sound.o
                                 0x12 (size before relaxing)
 .comment       0x00000000       0x12 Switch.o
 .comment       0x00000000       0x12 Random.o
 .comment       0x00000000       0x12 main.o
 .comment       0x00000000       0x12 /usr/local/CrossPack-AVR-20131216/lib/gcc/avr/4.8.1/../../../../avr/lib/avr4/libc.a(rand.o)

.debug
 *(.debug)

.line
 *(.line)

.debug_srcinfo
 *(.debug_srcinfo)

.debug_sfnames
 *(.debug_sfnames)

.debug_aranges  0x00000000      0x160
 *(.debug_aranges)
 .debug_aranges
                0x00000000       0x20 /usr/local/CrossPack-AVR-20131216/lib/gcc/avr/4.8.1/avr4/libgcc.a(_divmodhi4.o)
 .debug_aranges
                0x00000020       0x20 /usr/local/CrossPack-AVR-20131216/lib/gcc/avr/4.8.1/avr4/libgcc.a(_exit.o)
 .debug_aranges
                0x00000040       0x20 /usr/local/CrossPack-AVR-20131216/lib/gcc/avr/4.8.1/avr4/libgcc.a(_copy_data.o)
 .debug_aranges
                0x00000060       0x20 /usr/local/CrossPack-AVR-20131216/lib/gcc/avr/4.8.1/avr4/libgcc.a(_clear_bss.o)
 .debug_aranges
                0x00000080       0x20 /usr/local/CrossPack-AVR-20131216/lib/gcc/avr/4.8.1/avr4/libgcc.a(_udivmodhi4.o)
 .debug_aranges
                0x000000a0       0x20 /usr/local/CrossPack-AVR-20131216/lib/gcc/avr/4.8.1/avr4/libgcc.a(_divmodsi4.o)
 .debug_aranges
                0x000000c0       0x20 /usr/local/CrossPack-AVR-20131216/lib/gcc/avr/4.8.1/avr4/libgcc.a(_negsi2.o)
 .debug_aranges
                0x000000e0       0x20 /usr/local/CrossPack-AVR-20131216/lib/gcc/avr/4.8.1/avr4/libgcc.a(_muluhisi3.o)
 .debug_aranges
                0x00000100       0x20 /usr/local/CrossPack-AVR-20131216/lib/gcc/avr/4.8.1/avr4/libgcc.a(_mulshisi3.o)
 .debug_aranges
                0x00000120       0x20 /usr/local/CrossPack-AVR-20131216/lib/gcc/avr/4.8.1/avr4/libgcc.a(_udivmodsi4.o)
 .debug_aranges
                0x00000140       0x20 /usr/local/CrossPack-AVR-20131216/lib/gcc/avr/4.8.1/avr4/libgcc.a(_umulhisi3.o)

.debug_pubnames
 *(.debug_pubnames)

.debug_info     0x00000000      0x82a
 *(.debug_info)
 .debug_info    0x00000000       0xbe /usr/local/CrossPack-AVR-20131216/lib/gcc/avr/4.8.1/avr4/libgcc.a(_divmodhi4.o)
 .debug_info    0x000000be       0xbe /usr/local/CrossPack-AVR-20131216/lib/gcc/avr/4.8.1/avr4/libgcc.a(_exit.o)
 .debug_info    0x0000017c       0xbe /usr/local/CrossPack-AVR-20131216/lib/gcc/avr/4.8.1/avr4/libgcc.a(_copy_data.o)
 .debug_info    0x0000023a       0xbe /usr/local/CrossPack-AVR-20131216/lib/gcc/avr/4.8.1/avr4/libgcc.a(_clear_bss.o)
 .debug_info    0x000002f8       0xbe /usr/local/CrossPack-AVR-20131216/lib/gcc/avr/4.8.1/avr4/libgcc.a(_udivmodhi4.o)
 .debug_info    0x000003b6       0xbe /usr/local/CrossPack-AVR-20131216/lib/gcc/avr/4.8.1/avr4/libgcc.a(_divmodsi4.o)
 .debug_info    0x00000474       0xbe /usr/local/CrossPack-AVR-20131216/lib/gcc/avr/4.8.1/avr4/libgcc.a(_negsi2.o)
 .debug_info    0x00000532       0xbe /usr/local/CrossPack-AVR-20131216/lib/gcc/avr/4.8.1/avr4/libgcc.a(_muluhisi3.o)
 .debug_info    0x000005f0       0xbe /usr/local/CrossPack-AVR-20131216/lib/gcc/avr/4.8.1/avr4/libgcc.a(_mulshisi3.o)
 .debug_info    0x000006ae       0xbe /usr/local/CrossPack-AVR-20131216/lib/gcc/avr/4.8.1/avr4/libgcc.a(_udivmodsi4.o)
 .debug_info    0x0000076c       0xbe /usr/local/CrossPack-AVR-20131216/lib/gcc/avr/4.8.1/avr4/libgcc.a(_umulhisi3.o)
 *(.gnu.linkonce.wi.*)

.debug_abbrev   0x00000000       0xdc
 *(.debug_abbrev)
 .debug_abbrev  0x00000000       0x14 /usr/local/CrossPack-AVR-20131216/lib/gcc/avr/4.8.1/avr4/libgcc.a(_divmodhi4.o)
 .debug_abbrev  0x00000014       0x14 /usr/local/CrossPack-AVR-20131216/lib/gcc/avr/4.8.1/avr4/libgcc.a(_exit.o)
 .debug_abbrev  0x00000028       0x14 /usr/local/CrossPack-AVR-20131216/lib/gcc/avr/4.8.1/avr4/libgcc.a(_copy_data.o)
 .debug_abbrev  0x0000003c       0x14 /usr/local/CrossPack-AVR-20131216/lib/gcc/avr/4.8.1/avr4/libgcc.a(_clear_bss.o)
 .debug_abbrev  0x00000050       0x14 /usr/local/CrossPack-AVR-20131216/lib/gcc/avr/4.8.1/avr4/libgcc.a(_udivmodhi4.o)
 .debug_abbrev  0x00000064       0x14 /usr/local/CrossPack-AVR-20131216/lib/gcc/avr/4.8.1/avr4/libgcc.a(_divmodsi4.o)
 .debug_abbrev  0x00000078       0x14 /usr/local/CrossPack-AVR-20131216/lib/gcc/avr/4.8.1/avr4/libgcc.a(_negsi2.o)
 .debug_abbrev  0x0000008c       0x14 /usr/local/CrossPack-AVR-20131216/lib/gcc/avr/4.8.1/avr4/libgcc.a(_muluhisi3.o)
 .debug_abbrev  0x000000a0       0x14 /usr/local/CrossPack-AVR-20131216/lib/gcc/avr/4.8.1/avr4/libgcc.a(_mulshisi3.o)
 .debug_abbrev  0x000000b4       0x14 /usr/local/CrossPack-AVR-20131216/lib/gcc/avr/4.8.1/avr4/libgcc.a(_udivmodsi4.o)
 .debug_abbrev  0x000000c8       0x14 /usr/local/CrossPack-AVR-20131216/lib/gcc/avr/4.8.1/avr4/libgcc.a(_umulhisi3.o)

.debug_line     0x00000000      0x444
 *(.debug_line)
 .debug_line    0x00000000       0x69 /usr/local/CrossPack-AVR-20131216/lib/gcc/avr/4.8.1/avr4/libgcc.a(_divmodhi4.o)
 .debug_line    0x00000069       0x58 /usr/local/CrossPack-AVR-20131216/lib/gcc/avr/4.8.1/avr4/libgcc.a(_exit.o)
 .debug_line    0x000000c1       0x61 /usr/local/CrossPack-AVR-20131216/lib/gcc/avr/4.8.1/avr4/libgcc.a(_copy_data.o)
 .debug_line    0x00000122       0x5e /usr/local/CrossPack-AVR-20131216/lib/gcc/avr/4.8.1/avr4/libgcc.a(_clear_bss.o)
 .debug_line    0x00000180       0x6a /usr/local/CrossPack-AVR-20131216/lib/gcc/avr/4.8.1/avr4/libgcc.a(_udivmodhi4.o)
 .debug_line    0x000001ea       0x6a /usr/local/CrossPack-AVR-20131216/lib/gcc/avr/4.8.1/avr4/libgcc.a(_divmodsi4.o)
 .debug_line    0x00000254       0x58 /usr/local/CrossPack-AVR-20131216/lib/gcc/avr/4.8.1/avr4/libgcc.a(_negsi2.o)
 .debug_line    0x000002ac       0x60 /usr/local/CrossPack-AVR-20131216/lib/gcc/avr/4.8.1/avr4/libgcc.a(_muluhisi3.o)
 .debug_line    0x0000030c       0x5c /usr/local/CrossPack-AVR-20131216/lib/gcc/avr/4.8.1/avr4/libgcc.a(_mulshisi3.o)
 .debug_line    0x00000368       0x78 /usr/local/CrossPack-AVR-20131216/lib/gcc/avr/4.8.1/avr4/libgcc.a(_udivmodsi4.o)
 .debug_line    0x000003e0       0x64 /usr/local/CrossPack-AVR-20131216/lib/gcc/avr/4.8.1/avr4/libgcc.a(_umulhisi3.o)

.debug_frame
 *(.debug_frame)

.debug_str
 *(.debug_str)

.debug_loc
 *(.debug_loc)

.debug_macinfo
 *(.debug_macinfo)

.debug_pubtypes
 *(.debug_pubtypes)

.debug_ranges
 *(.debug_ranges)

.debug_macro
 *(.debug_macro)
OUTPUT(osero.elf elf32-avr)
LOAD linker stubs
