Archive member included because of file (symbol)

/usr/local/CrossPack-AVR-20131216/lib/gcc/avr/4.8.1/avr4/libgcc.a(_divmodhi4.o)
                              AI.o (__divmodhi4)
/usr/local/CrossPack-AVR-20131216/lib/gcc/avr/4.8.1/avr4/libgcc.a(_exit.o)
                              /usr/local/CrossPack-AVR-20131216/lib/gcc/avr/4.8.1/../../../../avr/lib/avr4/crtm88pa.o (exit)
/usr/local/CrossPack-AVR-20131216/lib/gcc/avr/4.8.1/avr4/libgcc.a(_copy_data.o)
                              AI.o (__do_copy_data)
/usr/local/CrossPack-AVR-20131216/lib/gcc/avr/4.8.1/avr4/libgcc.a(_clear_bss.o)
                              AI.o (__do_clear_bss)
/usr/local/CrossPack-AVR-20131216/lib/gcc/avr/4.8.1/avr4/libgcc.a(_udivmodhi4.o)
                              /usr/local/CrossPack-AVR-20131216/lib/gcc/avr/4.8.1/avr4/libgcc.a(_divmodhi4.o) (__udivmodhi4)
/usr/local/CrossPack-AVR-20131216/lib/gcc/avr/4.8.1/../../../../avr/lib/avr4/libc.a(rand.o)
                              Random.o (rand)
/usr/local/CrossPack-AVR-20131216/lib/gcc/avr/4.8.1/../../../../avr/lib/avr4/libc.a(eerd_word_atmega88pa.o)
                              Random.o (__eerd_word_m88pa)
/usr/local/CrossPack-AVR-20131216/lib/gcc/avr/4.8.1/../../../../avr/lib/avr4/libc.a(eewr_word_atmega88pa.o)
                              Random.o (__eewr_word_m88pa)
/usr/local/CrossPack-AVR-20131216/lib/gcc/avr/4.8.1/../../../../avr/lib/avr4/libc.a(eerd_block_atmega88pa.o)
                              /usr/local/CrossPack-AVR-20131216/lib/gcc/avr/4.8.1/../../../../avr/lib/avr4/libc.a(eerd_word_atmega88pa.o) (__eerd_blraw_m88pa)
/usr/local/CrossPack-AVR-20131216/lib/gcc/avr/4.8.1/../../../../avr/lib/avr4/libc.a(eewr_byte_atmega88pa.o)
                              /usr/local/CrossPack-AVR-20131216/lib/gcc/avr/4.8.1/../../../../avr/lib/avr4/libc.a(eewr_word_atmega88pa.o) (__eewr_byte_m88pa)
/usr/local/CrossPack-AVR-20131216/lib/gcc/avr/4.8.1/avr4/libgcc.a(_divmodsi4.o)
                              /usr/local/CrossPack-AVR-20131216/lib/gcc/avr/4.8.1/../../../../avr/lib/avr4/libc.a(rand.o) (__divmodsi4)
/usr/local/CrossPack-AVR-20131216/lib/gcc/avr/4.8.1/avr4/libgcc.a(_negsi2.o)
                              /usr/local/CrossPack-AVR-20131216/lib/gcc/avr/4.8.1/avr4/libgcc.a(_divmodsi4.o) (__negsi2)
/usr/local/CrossPack-AVR-20131216/lib/gcc/avr/4.8.1/avr4/libgcc.a(_muluhisi3.o)
                              /usr/local/CrossPack-AVR-20131216/lib/gcc/avr/4.8.1/../../../../avr/lib/avr4/libc.a(rand.o) (__muluhisi3)
/usr/local/CrossPack-AVR-20131216/lib/gcc/avr/4.8.1/avr4/libgcc.a(_mulshisi3.o)
                              /usr/local/CrossPack-AVR-20131216/lib/gcc/avr/4.8.1/../../../../avr/lib/avr4/libc.a(rand.o) (__mulohisi3)
/usr/local/CrossPack-AVR-20131216/lib/gcc/avr/4.8.1/avr4/libgcc.a(_udivmodsi4.o)
                              /usr/local/CrossPack-AVR-20131216/lib/gcc/avr/4.8.1/avr4/libgcc.a(_divmodsi4.o) (__udivmodsi4)
/usr/local/CrossPack-AVR-20131216/lib/gcc/avr/4.8.1/avr4/libgcc.a(_umulhisi3.o)
                              /usr/local/CrossPack-AVR-20131216/lib/gcc/avr/4.8.1/avr4/libgcc.a(_muluhisi3.o) (__umulhisi3)

Allocating common symbols
Common symbol       size              file

win_player          0x1               Referee.o
swcnt               0x2               Switch.o
led                 0x8               Led.o
swnow               0x1               Switch.o
ledPower            0x80              AI.o
swnew               0x1               Switch.o
sw                  0x1               Switch.o
ledCount            0x2               Led.o

Memory Configuration

Name             Origin             Length             Attributes
text             0x00000000         0x00002000         xr
data             0x00800060         0x0000ffa0         rw !x
eeprom           0x00810000         0x00010000         rw !x
fuse             0x00820000         0x00000400         rw !x
lock             0x00830000         0x00000400         rw !x
signature        0x00840000         0x00000400         rw !x
user_signatures  0x00850000         0x00000400         rw !x
*default*        0x00000000         0xffffffff

Linker script and memory map

Address of section .data set to 0x800100
LOAD /usr/local/CrossPack-AVR-20131216/lib/gcc/avr/4.8.1/../../../../avr/lib/avr4/crtm88pa.o
LOAD AI.o
LOAD Referee.o
LOAD Led.o
LOAD Target.o
LOAD Sound.o
LOAD Switch.o
LOAD Random.o
LOAD main.o
START GROUP
LOAD /usr/local/CrossPack-AVR-20131216/lib/gcc/avr/4.8.1/avr4/libgcc.a
LOAD /usr/local/CrossPack-AVR-20131216/lib/gcc/avr/4.8.1/../../../../avr/lib/avr4/libm.a
LOAD /usr/local/CrossPack-AVR-20131216/lib/gcc/avr/4.8.1/../../../../avr/lib/avr4/libc.a
END GROUP

.hash
 *(.hash)

.dynsym
 *(.dynsym)

.dynstr
 *(.dynstr)

.gnu.version
 *(.gnu.version)

.gnu.version_d
 *(.gnu.version_d)

.gnu.version_r
 *(.gnu.version_r)

.rel.init
 *(.rel.init)

.rela.init
 *(.rela.init)

.rel.text
 *(.rel.text)
 *(.rel.text.*)
 *(.rel.gnu.linkonce.t*)

.rela.text
 *(.rela.text)
 *(.rela.text.*)
 *(.rela.gnu.linkonce.t*)

.rel.fini
 *(.rel.fini)

.rela.fini
 *(.rela.fini)

.rel.rodata
 *(.rel.rodata)
 *(.rel.rodata.*)
 *(.rel.gnu.linkonce.r*)

.rela.rodata
 *(.rela.rodata)
 *(.rela.rodata.*)
 *(.rela.gnu.linkonce.r*)

.rel.data
 *(.rel.data)
 *(.rel.data.*)
 *(.rel.gnu.linkonce.d*)

.rela.data
 *(.rela.data)
 *(.rela.data.*)
 *(.rela.gnu.linkonce.d*)

.rel.ctors
 *(.rel.ctors)

.rela.ctors
 *(.rela.ctors)

.rel.dtors
 *(.rel.dtors)

.rela.dtors
 *(.rela.dtors)

.rel.got
 *(.rel.got)

.rela.got
 *(.rela.got)

.rel.bss
 *(.rel.bss)

.rela.bss
 *(.rela.bss)

.rel.plt
 *(.rel.plt)

.rela.plt
 *(.rela.plt)

.text           0x00000000     0x10ae
 *(.vectors)
 .vectors       0x00000000       0x34 /usr/local/CrossPack-AVR-20131216/lib/gcc/avr/4.8.1/../../../../avr/lib/avr4/crtm88pa.o
                0x00000000                __vectors
                0x00000000                __vector_default
 *(.vectors)
 *(.progmem.gcc*)
                0x00000034                . = ALIGN (0x2)
                0x00000034                __trampolines_start = .
 *(.trampolines)
 .trampolines   0x00000034        0x0 linker stubs
 *(.trampolines*)
                0x00000034                __trampolines_end = .
 *(.progmem*)
                0x00000034                . = ALIGN (0x2)
 *(.jumptables)
 *(.jumptables*)
 *(.lowtext)
 *(.lowtext*)
                0x00000034                __ctors_start = .
 *(.ctors)
                0x00000034                __ctors_end = .
                0x00000034                __dtors_start = .
 *(.dtors)
                0x00000034                __dtors_end = .
 SORT(*)(.ctors)
 SORT(*)(.dtors)
 *(.init0)
 .init0         0x00000034        0x0 /usr/local/CrossPack-AVR-20131216/lib/gcc/avr/4.8.1/../../../../avr/lib/avr4/crtm88pa.o
                0x00000034                __init
 *(.init0)
 *(.init1)
 *(.init1)
 *(.init2)
 .init2         0x00000034        0xc /usr/local/CrossPack-AVR-20131216/lib/gcc/avr/4.8.1/../../../../avr/lib/avr4/crtm88pa.o
 *(.init2)
 *(.init3)
 *(.init3)
 *(.init4)
 .init4         0x00000040       0x16 /usr/local/CrossPack-AVR-20131216/lib/gcc/avr/4.8.1/avr4/libgcc.a(_copy_data.o)
                0x00000040                __do_copy_data
 .init4         0x00000056       0x10 /usr/local/CrossPack-AVR-20131216/lib/gcc/avr/4.8.1/avr4/libgcc.a(_clear_bss.o)
                0x00000056                __do_clear_bss
 *(.init4)
 *(.init5)
 *(.init5)
 *(.init6)
 *(.init6)
 *(.init7)
 *(.init7)
 *(.init8)
 *(.init8)
 *(.init9)
 .init9         0x00000066        0x4 /usr/local/CrossPack-AVR-20131216/lib/gcc/avr/4.8.1/../../../../avr/lib/avr4/crtm88pa.o
 *(.init9)
 *(.text)
 .text          0x0000006a        0x2 /usr/local/CrossPack-AVR-20131216/lib/gcc/avr/4.8.1/../../../../avr/lib/avr4/crtm88pa.o
                0x0000006a                __vector_20
                0x0000006a                __vector_1
                0x0000006a                __vector_24
                0x0000006a                __vector_12
                0x0000006a                __bad_interrupt
                0x0000006a                __vector_6
                0x0000006a                __vector_3
                0x0000006a                __vector_23
                0x0000006a                __vector_25
                0x0000006a                __vector_13
                0x0000006a                __vector_17
                0x0000006a                __vector_19
                0x0000006a                __vector_7
                0x0000006a                __vector_5
                0x0000006a                __vector_9
                0x0000006a                __vector_2
                0x0000006a                __vector_21
                0x0000006a                __vector_15
                0x0000006a                __vector_8
                0x0000006a                __vector_10
                0x0000006a                __vector_16
                0x0000006a                __vector_18
                0x0000006a                __vector_22
 .text          0x0000006c      0x270 AI.o
                0x0000006c                normal_ai
                0x000001e4                random_ai
 .text          0x000002dc      0x4dc Referee.o
                0x000002dc                countTurnOver
                0x0000038c                judgePutStone
                0x00000488                putStone
                0x0000058a                isFinishGame
                0x0000061a                replace
                0x00000660                sortLED
 .text          0x000007b8      0x1f2 Led.o
                0x000007b8                led_target_on
                0x000007c6                led_target_off
                0x000007d0                led_reset
                0x00000816                led_init
                0x00000842                __vector_11
 .text          0x000009aa       0xf6 Target.o
                0x000009aa                target_init
                0x000009dc                target_getX
                0x000009e6                target_getY
                0x000009f0                target_getState
                0x000009fa                target_moveLeft
                0x00000a1a                target_moveDown
                0x00000a3a                target_getTurn
                0x00000a44                target_nextTurn
                0x00000a76                target_reverseState
 .text          0x00000aa0       0x4a Sound.o
                0x00000aa0                sound_init
                0x00000aac                _sound
                0x00000ac2                sound_update
 .text          0x00000aea       0xc6 Switch.o
                0x00000aea                __vector_4
                0x00000b12                switch_init
                0x00000b30                switch_update
                0x00000b88                switch_isChanged
                0x00000ba8                switch_getState
 .text          0x00000bb0       0x14 Random.o
                0x00000bb0                random_init
                0x00000bc2                random_rand
 .text          0x00000bc4      0x23c main.o
                0x00000bc4                __vector_14
                0x00000ca6                timer_init
                0x00000cbe                game_play
                0x00000d3c                nextMenu
                0x00000ddc                game_menu
 .text          0x00000e00        0x0 /usr/local/CrossPack-AVR-20131216/lib/gcc/avr/4.8.1/avr4/libgcc.a(_divmodhi4.o)
 .text          0x00000e00        0x0 /usr/local/CrossPack-AVR-20131216/lib/gcc/avr/4.8.1/avr4/libgcc.a(_exit.o)
 .text          0x00000e00        0x0 /usr/local/CrossPack-AVR-20131216/lib/gcc/avr/4.8.1/avr4/libgcc.a(_copy_data.o)
 .text          0x00000e00        0x0 /usr/local/CrossPack-AVR-20131216/lib/gcc/avr/4.8.1/avr4/libgcc.a(_clear_bss.o)
 .text          0x00000e00        0x0 /usr/local/CrossPack-AVR-20131216/lib/gcc/avr/4.8.1/avr4/libgcc.a(_udivmodhi4.o)
 .text          0x00000e00        0x0 /usr/local/CrossPack-AVR-20131216/lib/gcc/avr/4.8.1/../../../../avr/lib/avr4/libc.a(rand.o)
 .text          0x00000e00        0x0 /usr/local/CrossPack-AVR-20131216/lib/gcc/avr/4.8.1/../../../../avr/lib/avr4/libc.a(eerd_word_atmega88pa.o)
 .text          0x00000e00        0x0 /usr/local/CrossPack-AVR-20131216/lib/gcc/avr/4.8.1/../../../../avr/lib/avr4/libc.a(eewr_word_atmega88pa.o)
 .text          0x00000e00        0x0 /usr/local/CrossPack-AVR-20131216/lib/gcc/avr/4.8.1/../../../../avr/lib/avr4/libc.a(eerd_block_atmega88pa.o)
 .text          0x00000e00        0x0 /usr/local/CrossPack-AVR-20131216/lib/gcc/avr/4.8.1/../../../../avr/lib/avr4/libc.a(eewr_byte_atmega88pa.o)
 .text          0x00000e00        0x0 /usr/local/CrossPack-AVR-20131216/lib/gcc/avr/4.8.1/avr4/libgcc.a(_divmodsi4.o)
 .text          0x00000e00        0x0 /usr/local/CrossPack-AVR-20131216/lib/gcc/avr/4.8.1/avr4/libgcc.a(_negsi2.o)
 .text          0x00000e00        0x0 /usr/local/CrossPack-AVR-20131216/lib/gcc/avr/4.8.1/avr4/libgcc.a(_muluhisi3.o)
 .text          0x00000e00        0x0 /usr/local/CrossPack-AVR-20131216/lib/gcc/avr/4.8.1/avr4/libgcc.a(_mulshisi3.o)
 .text          0x00000e00        0x0 /usr/local/CrossPack-AVR-20131216/lib/gcc/avr/4.8.1/avr4/libgcc.a(_udivmodsi4.o)
 .text          0x00000e00        0x0 /usr/local/CrossPack-AVR-20131216/lib/gcc/avr/4.8.1/avr4/libgcc.a(_umulhisi3.o)
                0x00000e00                . = ALIGN (0x2)
 *(.text.*)
 .text.startup  0x00000e00       0xaa main.o
                0x00000e00                main
 .text.libgcc.mul
                0x00000eaa        0x0 /usr/local/CrossPack-AVR-20131216/lib/gcc/avr/4.8.1/avr4/libgcc.a(_divmodhi4.o)
 .text.libgcc.div
                0x00000eaa       0x26 /usr/local/CrossPack-AVR-20131216/lib/gcc/avr/4.8.1/avr4/libgcc.a(_divmodhi4.o)
                0x00000eaa                __divmodhi4
                0x00000eaa                _div
 .text.libgcc   0x00000ed0        0x0 /usr/local/CrossPack-AVR-20131216/lib/gcc/avr/4.8.1/avr4/libgcc.a(_divmodhi4.o)
 .text.libgcc.prologue
                0x00000ed0        0x0 /usr/local/CrossPack-AVR-20131216/lib/gcc/avr/4.8.1/avr4/libgcc.a(_divmodhi4.o)
 .text.libgcc.builtins
                0x00000ed0        0x0 /usr/local/CrossPack-AVR-20131216/lib/gcc/avr/4.8.1/avr4/libgcc.a(_divmodhi4.o)
 .text.libgcc.fmul
                0x00000ed0        0x0 /usr/local/CrossPack-AVR-20131216/lib/gcc/avr/4.8.1/avr4/libgcc.a(_divmodhi4.o)
 .text.libgcc.fixed
                0x00000ed0        0x0 /usr/local/CrossPack-AVR-20131216/lib/gcc/avr/4.8.1/avr4/libgcc.a(_divmodhi4.o)
 .text.libgcc.mul
                0x00000ed0        0x0 /usr/local/CrossPack-AVR-20131216/lib/gcc/avr/4.8.1/avr4/libgcc.a(_exit.o)
 .text.libgcc.div
                0x00000ed0        0x0 /usr/local/CrossPack-AVR-20131216/lib/gcc/avr/4.8.1/avr4/libgcc.a(_exit.o)
 .text.libgcc   0x00000ed0        0x0 /usr/local/CrossPack-AVR-20131216/lib/gcc/avr/4.8.1/avr4/libgcc.a(_exit.o)
 .text.libgcc.prologue
                0x00000ed0        0x0 /usr/local/CrossPack-AVR-20131216/lib/gcc/avr/4.8.1/avr4/libgcc.a(_exit.o)
 .text.libgcc.builtins
                0x00000ed0        0x0 /usr/local/CrossPack-AVR-20131216/lib/gcc/avr/4.8.1/avr4/libgcc.a(_exit.o)
 .text.libgcc.fmul
                0x00000ed0        0x0 /usr/local/CrossPack-AVR-20131216/lib/gcc/avr/4.8.1/avr4/libgcc.a(_exit.o)
 .text.libgcc.fixed
                0x00000ed0        0x0 /usr/local/CrossPack-AVR-20131216/lib/gcc/avr/4.8.1/avr4/libgcc.a(_exit.o)
 .text.libgcc.mul
                0x00000ed0        0x0 /usr/local/CrossPack-AVR-20131216/lib/gcc/avr/4.8.1/avr4/libgcc.a(_copy_data.o)
 .text.libgcc.div
                0x00000ed0        0x0 /usr/local/CrossPack-AVR-20131216/lib/gcc/avr/4.8.1/avr4/libgcc.a(_copy_data.o)
 .text.libgcc   0x00000ed0        0x0 /usr/local/CrossPack-AVR-20131216/lib/gcc/avr/4.8.1/avr4/libgcc.a(_copy_data.o)
 .text.libgcc.prologue
                0x00000ed0        0x0 /usr/local/CrossPack-AVR-20131216/lib/gcc/avr/4.8.1/avr4/libgcc.a(_copy_data.o)
 .text.libgcc.builtins
                0x00000ed0        0x0 /usr/local/CrossPack-AVR-20131216/lib/gcc/avr/4.8.1/avr4/libgcc.a(_copy_data.o)
 .text.libgcc.fmul
                0x00000ed0        0x0 /usr/local/CrossPack-AVR-20131216/lib/gcc/avr/4.8.1/avr4/libgcc.a(_copy_data.o)
 .text.libgcc.fixed
                0x00000ed0        0x0 /usr/local/CrossPack-AVR-20131216/lib/gcc/avr/4.8.1/avr4/libgcc.a(_copy_data.o)
 .text.libgcc.mul
                0x00000ed0        0x0 /usr/local/CrossPack-AVR-20131216/lib/gcc/avr/4.8.1/avr4/libgcc.a(_clear_bss.o)
 .text.libgcc.div
                0x00000ed0        0x0 /usr/local/CrossPack-AVR-20131216/lib/gcc/avr/4.8.1/avr4/libgcc.a(_clear_bss.o)
 .text.libgcc   0x00000ed0        0x0 /usr/local/CrossPack-AVR-20131216/lib/gcc/avr/4.8.1/avr4/libgcc.a(_clear_bss.o)
 .text.libgcc.prologue
                0x00000ed0        0x0 /usr/local/CrossPack-AVR-20131216/lib/gcc/avr/4.8.1/avr4/libgcc.a(_clear_bss.o)
 .text.libgcc.builtins
                0x00000ed0        0x0 /usr/local/CrossPack-AVR-20131216/lib/gcc/avr/4.8.1/avr4/libgcc.a(_clear_bss.o)
 .text.libgcc.fmul
                0x00000ed0        0x0 /usr/local/CrossPack-AVR-20131216/lib/gcc/avr/4.8.1/avr4/libgcc.a(_clear_bss.o)
 .text.libgcc.fixed
                0x00000ed0        0x0 /usr/local/CrossPack-AVR-20131216/lib/gcc/avr/4.8.1/avr4/libgcc.a(_clear_bss.o)
 .text.libgcc.mul
                0x00000ed0        0x0 /usr/local/CrossPack-AVR-20131216/lib/gcc/avr/4.8.1/avr4/libgcc.a(_udivmodhi4.o)
 .text.libgcc.div
                0x00000ed0       0x28 /usr/local/CrossPack-AVR-20131216/lib/gcc/avr/4.8.1/avr4/libgcc.a(_udivmodhi4.o)
                0x00000ed0                __udivmodhi4
 .text.libgcc   0x00000ef8        0x0 /usr/local/CrossPack-AVR-20131216/lib/gcc/avr/4.8.1/avr4/libgcc.a(_udivmodhi4.o)
 .text.libgcc.prologue
                0x00000ef8        0x0 /usr/local/CrossPack-AVR-20131216/lib/gcc/avr/4.8.1/avr4/libgcc.a(_udivmodhi4.o)
 .text.libgcc.builtins
                0x00000ef8        0x0 /usr/local/CrossPack-AVR-20131216/lib/gcc/avr/4.8.1/avr4/libgcc.a(_udivmodhi4.o)
 .text.libgcc.fmul
                0x00000ef8        0x0 /usr/local/CrossPack-AVR-20131216/lib/gcc/avr/4.8.1/avr4/libgcc.a(_udivmodhi4.o)
 .text.libgcc.fixed
                0x00000ef8        0x0 /usr/local/CrossPack-AVR-20131216/lib/gcc/avr/4.8.1/avr4/libgcc.a(_udivmodhi4.o)
 .text.avr-libc
                0x00000ef8       0xb2 /usr/local/CrossPack-AVR-20131216/lib/gcc/avr/4.8.1/../../../../avr/lib/avr4/libc.a(rand.o)
                0x00000f88                rand_r
                0x00000f8c                rand
                0x00000f94                srand
 .text.avr-libc
                0x00000faa        0xa /usr/local/CrossPack-AVR-20131216/lib/gcc/avr/4.8.1/../../../../avr/lib/avr4/libc.a(eerd_word_atmega88pa.o)
                0x00000faa                __eerd_word_m88pa
 .text.avr-libc
                0x00000fb4        0x6 /usr/local/CrossPack-AVR-20131216/lib/gcc/avr/4.8.1/../../../../avr/lib/avr4/libc.a(eewr_word_atmega88pa.o)
                0x00000fb4                __eewr_word_m88pa
 .text.avr-libc
                0x00000fba       0x20 /usr/local/CrossPack-AVR-20131216/lib/gcc/avr/4.8.1/../../../../avr/lib/avr4/libc.a(eerd_block_atmega88pa.o)
                0x00000fba                __eerd_block_m88pa
                0x00000fbe                __eerd_blraw_m88pa
 .text.avr-libc
                0x00000fda       0x1c /usr/local/CrossPack-AVR-20131216/lib/gcc/avr/4.8.1/../../../../avr/lib/avr4/libc.a(eewr_byte_atmega88pa.o)
                0x00000fda                __eewr_byte_m88pa
                0x00000fdc                __eewr_r18_m88pa
 .text.libgcc.mul
                0x00000ff6        0x0 /usr/local/CrossPack-AVR-20131216/lib/gcc/avr/4.8.1/avr4/libgcc.a(_divmodsi4.o)
 .text.libgcc.div
                0x00000ff6       0x28 /usr/local/CrossPack-AVR-20131216/lib/gcc/avr/4.8.1/avr4/libgcc.a(_divmodsi4.o)
                0x00000ff6                __divmodsi4
 .text.libgcc   0x0000101e        0x0 /usr/local/CrossPack-AVR-20131216/lib/gcc/avr/4.8.1/avr4/libgcc.a(_divmodsi4.o)
 .text.libgcc.prologue
                0x0000101e        0x0 /usr/local/CrossPack-AVR-20131216/lib/gcc/avr/4.8.1/avr4/libgcc.a(_divmodsi4.o)
 .text.libgcc.builtins
                0x0000101e        0x0 /usr/local/CrossPack-AVR-20131216/lib/gcc/avr/4.8.1/avr4/libgcc.a(_divmodsi4.o)
 .text.libgcc.fmul
                0x0000101e        0x0 /usr/local/CrossPack-AVR-20131216/lib/gcc/avr/4.8.1/avr4/libgcc.a(_divmodsi4.o)
 .text.libgcc.fixed
                0x0000101e        0x0 /usr/local/CrossPack-AVR-20131216/lib/gcc/avr/4.8.1/avr4/libgcc.a(_divmodsi4.o)
 .text.libgcc.mul
                0x0000101e        0x0 /usr/local/CrossPack-AVR-20131216/lib/gcc/avr/4.8.1/avr4/libgcc.a(_negsi2.o)
 .text.libgcc.div
                0x0000101e       0x10 /usr/local/CrossPack-AVR-20131216/lib/gcc/avr/4.8.1/avr4/libgcc.a(_negsi2.o)
                0x0000101e                __negsi2
 .text.libgcc   0x0000102e        0x0 /usr/local/CrossPack-AVR-20131216/lib/gcc/avr/4.8.1/avr4/libgcc.a(_negsi2.o)
 .text.libgcc.prologue
                0x0000102e        0x0 /usr/local/CrossPack-AVR-20131216/lib/gcc/avr/4.8.1/avr4/libgcc.a(_negsi2.o)
 .text.libgcc.builtins
                0x0000102e        0x0 /usr/local/CrossPack-AVR-20131216/lib/gcc/avr/4.8.1/avr4/libgcc.a(_negsi2.o)
 .text.libgcc.fmul
                0x0000102e        0x0 /usr/local/CrossPack-AVR-20131216/lib/gcc/avr/4.8.1/avr4/libgcc.a(_negsi2.o)
 .text.libgcc.fixed
                0x0000102e        0x0 /usr/local/CrossPack-AVR-20131216/lib/gcc/avr/4.8.1/avr4/libgcc.a(_negsi2.o)
 .text.libgcc.mul
                0x0000102e       0x14 /usr/local/CrossPack-AVR-20131216/lib/gcc/avr/4.8.1/avr4/libgcc.a(_muluhisi3.o)
                0x0000102e                __muluhisi3
 .text.libgcc.div
                0x00001042        0x0 /usr/local/CrossPack-AVR-20131216/lib/gcc/avr/4.8.1/avr4/libgcc.a(_muluhisi3.o)
 .text.libgcc   0x00001042        0x0 /usr/local/CrossPack-AVR-20131216/lib/gcc/avr/4.8.1/avr4/libgcc.a(_muluhisi3.o)
 .text.libgcc.prologue
                0x00001042        0x0 /usr/local/CrossPack-AVR-20131216/lib/gcc/avr/4.8.1/avr4/libgcc.a(_muluhisi3.o)
 .text.libgcc.builtins
                0x00001042        0x0 /usr/local/CrossPack-AVR-20131216/lib/gcc/avr/4.8.1/avr4/libgcc.a(_muluhisi3.o)
 .text.libgcc.fmul
                0x00001042        0x0 /usr/local/CrossPack-AVR-20131216/lib/gcc/avr/4.8.1/avr4/libgcc.a(_muluhisi3.o)
 .text.libgcc.fixed
                0x00001042        0x0 /usr/local/CrossPack-AVR-20131216/lib/gcc/avr/4.8.1/avr4/libgcc.a(_muluhisi3.o)
 .text.libgcc.mul
                0x00001042        0xc /usr/local/CrossPack-AVR-20131216/lib/gcc/avr/4.8.1/avr4/libgcc.a(_mulshisi3.o)
                0x00001042                __mulshisi3
                0x00001046                __mulohisi3
 .text.libgcc.div
                0x0000104e        0x0 /usr/local/CrossPack-AVR-20131216/lib/gcc/avr/4.8.1/avr4/libgcc.a(_mulshisi3.o)
 .text.libgcc   0x0000104e        0x0 /usr/local/CrossPack-AVR-20131216/lib/gcc/avr/4.8.1/avr4/libgcc.a(_mulshisi3.o)
 .text.libgcc.prologue
                0x0000104e        0x0 /usr/local/CrossPack-AVR-20131216/lib/gcc/avr/4.8.1/avr4/libgcc.a(_mulshisi3.o)
 .text.libgcc.builtins
                0x0000104e        0x0 /usr/local/CrossPack-AVR-20131216/lib/gcc/avr/4.8.1/avr4/libgcc.a(_mulshisi3.o)
 .text.libgcc.fmul
                0x0000104e        0x0 /usr/local/CrossPack-AVR-20131216/lib/gcc/avr/4.8.1/avr4/libgcc.a(_mulshisi3.o)
 .text.libgcc.fixed
                0x0000104e        0x0 /usr/local/CrossPack-AVR-20131216/lib/gcc/avr/4.8.1/avr4/libgcc.a(_mulshisi3.o)
 .text.libgcc.mul
                0x0000104e        0x0 /usr/local/CrossPack-AVR-20131216/lib/gcc/avr/4.8.1/avr4/libgcc.a(_udivmodsi4.o)
 .text.libgcc.div
                0x0000104e       0x44 /usr/local/CrossPack-AVR-20131216/lib/gcc/avr/4.8.1/avr4/libgcc.a(_udivmodsi4.o)
                0x0000104e                __udivmodsi4
 .text.libgcc   0x00001092        0x0 /usr/local/CrossPack-AVR-20131216/lib/gcc/avr/4.8.1/avr4/libgcc.a(_udivmodsi4.o)
 .text.libgcc.prologue
                0x00001092        0x0 /usr/local/CrossPack-AVR-20131216/lib/gcc/avr/4.8.1/avr4/libgcc.a(_udivmodsi4.o)
 .text.libgcc.builtins
                0x00001092        0x0 /usr/local/CrossPack-AVR-20131216/lib/gcc/avr/4.8.1/avr4/libgcc.a(_udivmodsi4.o)
 .text.libgcc.fmul
                0x00001092        0x0 /usr/local/CrossPack-AVR-20131216/lib/gcc/avr/4.8.1/avr4/libgcc.a(_udivmodsi4.o)
 .text.libgcc.fixed
                0x00001092        0x0 /usr/local/CrossPack-AVR-20131216/lib/gcc/avr/4.8.1/avr4/libgcc.a(_udivmodsi4.o)
 .text.libgcc.mul
                0x00001092       0x18 /usr/local/CrossPack-AVR-20131216/lib/gcc/avr/4.8.1/avr4/libgcc.a(_umulhisi3.o)
                0x00001092                __umulhisi3
 .text.libgcc.div
                0x000010aa        0x0 /usr/local/CrossPack-AVR-20131216/lib/gcc/avr/4.8.1/avr4/libgcc.a(_umulhisi3.o)
 .text.libgcc   0x000010aa        0x0 /usr/local/CrossPack-AVR-20131216/lib/gcc/avr/4.8.1/avr4/libgcc.a(_umulhisi3.o)
 .text.libgcc.prologue
                0x000010aa        0x0 /usr/local/CrossPack-AVR-20131216/lib/gcc/avr/4.8.1/avr4/libgcc.a(_umulhisi3.o)
 .text.libgcc.builtins
                0x000010aa        0x0 /usr/local/CrossPack-AVR-20131216/lib/gcc/avr/4.8.1/avr4/libgcc.a(_umulhisi3.o)
 .text.libgcc.fmul
                0x000010aa        0x0 /usr/local/CrossPack-AVR-20131216/lib/gcc/avr/4.8.1/avr4/libgcc.a(_umulhisi3.o)
 .text.libgcc.fixed
                0x000010aa        0x0 /usr/local/CrossPack-AVR-20131216/lib/gcc/avr/4.8.1/avr4/libgcc.a(_umulhisi3.o)
                0x000010aa                . = ALIGN (0x2)
 *(.fini9)
 .fini9         0x000010aa        0x0 /usr/local/CrossPack-AVR-20131216/lib/gcc/avr/4.8.1/avr4/libgcc.a(_exit.o)
                0x000010aa                exit
                0x000010aa                _exit
 *(.fini9)
 *(.fini8)
 *(.fini8)
 *(.fini7)
 *(.fini7)
 *(.fini6)
 *(.fini6)
 *(.fini5)
 *(.fini5)
 *(.fini4)
 *(.fini4)
 *(.fini3)
 *(.fini3)
 *(.fini2)
 *(.fini2)
 *(.fini1)
 *(.fini1)
 *(.fini0)
 .fini0         0x000010aa        0x4 /usr/local/CrossPack-AVR-20131216/lib/gcc/avr/4.8.1/avr4/libgcc.a(_exit.o)
 *(.fini0)
                0x000010ae                _etext = .

.data           0x00800100       0xb6 load address 0x000010ae
                0x00800100                PROVIDE (__data_start, .)
 *(.data)
 .data          0x00800100        0x0 /usr/local/CrossPack-AVR-20131216/lib/gcc/avr/4.8.1/../../../../avr/lib/avr4/crtm88pa.o
 .data          0x00800100       0x80 AI.o
 .data          0x00800180        0x0 Referee.o
 .data          0x00800180        0x0 Led.o
 .data          0x00800180        0x0 Target.o
 .data          0x00800180        0x0 Sound.o
 .data          0x00800180        0x0 Switch.o
 .data          0x00800180        0x0 Random.o
 .data          0x00800180       0x32 main.o
 .data          0x008001b2        0x0 /usr/local/CrossPack-AVR-20131216/lib/gcc/avr/4.8.1/avr4/libgcc.a(_divmodhi4.o)
 .data          0x008001b2        0x0 /usr/local/CrossPack-AVR-20131216/lib/gcc/avr/4.8.1/avr4/libgcc.a(_exit.o)
 .data          0x008001b2        0x0 /usr/local/CrossPack-AVR-20131216/lib/gcc/avr/4.8.1/avr4/libgcc.a(_copy_data.o)
 .data          0x008001b2        0x0 /usr/local/CrossPack-AVR-20131216/lib/gcc/avr/4.8.1/avr4/libgcc.a(_clear_bss.o)
 .data          0x008001b2        0x0 /usr/local/CrossPack-AVR-20131216/lib/gcc/avr/4.8.1/avr4/libgcc.a(_udivmodhi4.o)
 .data          0x008001b2        0x4 /usr/local/CrossPack-AVR-20131216/lib/gcc/avr/4.8.1/../../../../avr/lib/avr4/libc.a(rand.o)
 .data          0x008001b6        0x0 /usr/local/CrossPack-AVR-20131216/lib/gcc/avr/4.8.1/../../../../avr/lib/avr4/libc.a(eerd_word_atmega88pa.o)
 .data          0x008001b6        0x0 /usr/local/CrossPack-AVR-20131216/lib/gcc/avr/4.8.1/../../../../avr/lib/avr4/libc.a(eewr_word_atmega88pa.o)
 .data          0x008001b6        0x0 /usr/local/CrossPack-AVR-20131216/lib/gcc/avr/4.8.1/../../../../avr/lib/avr4/libc.a(eerd_block_atmega88pa.o)
 .data          0x008001b6        0x0 /usr/local/CrossPack-AVR-20131216/lib/gcc/avr/4.8.1/../../../../avr/lib/avr4/libc.a(eewr_byte_atmega88pa.o)
 .data          0x008001b6        0x0 /usr/local/CrossPack-AVR-20131216/lib/gcc/avr/4.8.1/avr4/libgcc.a(_divmodsi4.o)
 .data          0x008001b6        0x0 /usr/local/CrossPack-AVR-20131216/lib/gcc/avr/4.8.1/avr4/libgcc.a(_negsi2.o)
 .data          0x008001b6        0x0 /usr/local/CrossPack-AVR-20131216/lib/gcc/avr/4.8.1/avr4/libgcc.a(_muluhisi3.o)
 .data          0x008001b6        0x0 /usr/local/CrossPack-AVR-20131216/lib/gcc/avr/4.8.1/avr4/libgcc.a(_mulshisi3.o)
 .data          0x008001b6        0x0 /usr/local/CrossPack-AVR-20131216/lib/gcc/avr/4.8.1/avr4/libgcc.a(_udivmodsi4.o)
 .data          0x008001b6        0x0 /usr/local/CrossPack-AVR-20131216/lib/gcc/avr/4.8.1/avr4/libgcc.a(_umulhisi3.o)
 *(.data*)
 *(.rodata)
 *(.rodata*)
 *(.gnu.linkonce.d*)
                0x008001b6                . = ALIGN (0x2)
                0x008001b6                _edata = .
                0x008001b6                PROVIDE (__data_end, .)

.bss            0x008001b6       0xaa
                0x008001b6                PROVIDE (__bss_start, .)
 *(.bss)
 .bss           0x008001b6        0x0 /usr/local/CrossPack-AVR-20131216/lib/gcc/avr/4.8.1/../../../../avr/lib/avr4/crtm88pa.o
 .bss           0x008001b6        0x0 AI.o
 .bss           0x008001b6        0x0 Referee.o
 .bss           0x008001b6        0x3 Led.o
 .bss           0x008001b9        0xc Target.o
 .bss           0x008001c5        0x2 Sound.o
 .bss           0x008001c7        0x1 Switch.o
                0x008001c7                pc
 .bss           0x008001c8        0x0 Random.o
 .bss           0x008001c8        0x8 main.o
 .bss           0x008001d0        0x0 /usr/local/CrossPack-AVR-20131216/lib/gcc/avr/4.8.1/avr4/libgcc.a(_divmodhi4.o)
 .bss           0x008001d0        0x0 /usr/local/CrossPack-AVR-20131216/lib/gcc/avr/4.8.1/avr4/libgcc.a(_exit.o)
 .bss           0x008001d0        0x0 /usr/local/CrossPack-AVR-20131216/lib/gcc/avr/4.8.1/avr4/libgcc.a(_copy_data.o)
 .bss           0x008001d0        0x0 /usr/local/CrossPack-AVR-20131216/lib/gcc/avr/4.8.1/avr4/libgcc.a(_clear_bss.o)
 .bss           0x008001d0        0x0 /usr/local/CrossPack-AVR-20131216/lib/gcc/avr/4.8.1/avr4/libgcc.a(_udivmodhi4.o)
 .bss           0x008001d0        0x0 /usr/local/CrossPack-AVR-20131216/lib/gcc/avr/4.8.1/../../../../avr/lib/avr4/libc.a(rand.o)
 .bss           0x008001d0        0x0 /usr/local/CrossPack-AVR-20131216/lib/gcc/avr/4.8.1/../../../../avr/lib/avr4/libc.a(eerd_word_atmega88pa.o)
 .bss           0x008001d0        0x0 /usr/local/CrossPack-AVR-20131216/lib/gcc/avr/4.8.1/../../../../avr/lib/avr4/libc.a(eewr_word_atmega88pa.o)
 .bss           0x008001d0        0x0 /usr/local/CrossPack-AVR-20131216/lib/gcc/avr/4.8.1/../../../../avr/lib/avr4/libc.a(eerd_block_atmega88pa.o)
 .bss           0x008001d0        0x0 /usr/local/CrossPack-AVR-20131216/lib/gcc/avr/4.8.1/../../../../avr/lib/avr4/libc.a(eewr_byte_atmega88pa.o)
 .bss           0x008001d0        0x0 /usr/local/CrossPack-AVR-20131216/lib/gcc/avr/4.8.1/avr4/libgcc.a(_divmodsi4.o)
 .bss           0x008001d0        0x0 /usr/local/CrossPack-AVR-20131216/lib/gcc/avr/4.8.1/avr4/libgcc.a(_negsi2.o)
 .bss           0x008001d0        0x0 /usr/local/CrossPack-AVR-20131216/lib/gcc/avr/4.8.1/avr4/libgcc.a(_muluhisi3.o)
 .bss           0x008001d0        0x0 /usr/local/CrossPack-AVR-20131216/lib/gcc/avr/4.8.1/avr4/libgcc.a(_mulshisi3.o)
 .bss           0x008001d0        0x0 /usr/local/CrossPack-AVR-20131216/lib/gcc/avr/4.8.1/avr4/libgcc.a(_udivmodsi4.o)
 .bss           0x008001d0        0x0 /usr/local/CrossPack-AVR-20131216/lib/gcc/avr/4.8.1/avr4/libgcc.a(_umulhisi3.o)
 *(.bss*)
 *(COMMON)
 COMMON         0x008001d0       0x80 AI.o
                0x008001d0                ledPower
 COMMON         0x00800250        0x1 Referee.o
                0x00800250                win_player
 COMMON         0x00800251        0xa Led.o
                0x00800251                led
                0x00800259                ledCount
 COMMON         0x0080025b        0x5 Switch.o
                0x0080025b                swcnt
                0x0080025d                swnow
                0x0080025e                swnew
                0x0080025f                sw
                0x00800260                PROVIDE (__bss_end, .)
                0x000010ae                __data_load_start = LOADADDR (.data)
                0x00001164                __data_load_end = (__data_load_start + SIZEOF (.data))

.noinit         0x00800260        0x0
                0x00800260                PROVIDE (__noinit_start, .)
 *(.noinit*)
                0x00800260                PROVIDE (__noinit_end, .)
                0x00800260                _end = .
                0x00800260                PROVIDE (__heap_start, .)

.eeprom         0x00810000        0x0
 *(.eeprom*)
                0x00810000                __eeprom_end = .

.fuse
 *(.fuse)
 *(.lfuse)
 *(.hfuse)
 *(.efuse)

.lock
 *(.lock*)

.signature
 *(.signature*)

.user_signatures
 *(.user_signatures*)

.stab
 *(.stab)

.stabstr
 *(.stabstr)

.stab.excl
 *(.stab.excl)

.stab.exclstr
 *(.stab.exclstr)

.stab.index
 *(.stab.index)

.stab.indexstr
 *(.stab.indexstr)

.comment        0x00000000       0x11
 *(.comment)
 .comment       0x00000000       0x11 AI.o
                                 0x12 (size before relaxing)
 .comment       0x00000000       0x12 Referee.o
 .comment       0x00000000       0x12 Led.o
 .comment       0x00000000       0x12 Target.o
 .comment       0x00000000       0x12 Sound.o
 .comment       0x00000000       0x12 Switch.o
 .comment       0x00000000       0x12 Random.o
 .comment       0x00000000       0x12 main.o
 .comment       0x00000000       0x12 /usr/local/CrossPack-AVR-20131216/lib/gcc/avr/4.8.1/../../../../avr/lib/avr4/libc.a(rand.o)

.debug
 *(.debug)

.line
 *(.line)

.debug_srcinfo
 *(.debug_srcinfo)

.debug_sfnames
 *(.debug_sfnames)

.debug_aranges  0x00000000      0x160
 *(.debug_aranges)
 .debug_aranges
                0x00000000       0x20 /usr/local/CrossPack-AVR-20131216/lib/gcc/avr/4.8.1/avr4/libgcc.a(_divmodhi4.o)
 .debug_aranges
                0x00000020       0x20 /usr/local/CrossPack-AVR-20131216/lib/gcc/avr/4.8.1/avr4/libgcc.a(_exit.o)
 .debug_aranges
                0x00000040       0x20 /usr/local/CrossPack-AVR-20131216/lib/gcc/avr/4.8.1/avr4/libgcc.a(_copy_data.o)
 .debug_aranges
                0x00000060       0x20 /usr/local/CrossPack-AVR-20131216/lib/gcc/avr/4.8.1/avr4/libgcc.a(_clear_bss.o)
 .debug_aranges
                0x00000080       0x20 /usr/local/CrossPack-AVR-20131216/lib/gcc/avr/4.8.1/avr4/libgcc.a(_udivmodhi4.o)
 .debug_aranges
                0x000000a0       0x20 /usr/local/CrossPack-AVR-20131216/lib/gcc/avr/4.8.1/avr4/libgcc.a(_divmodsi4.o)
 .debug_aranges
                0x000000c0       0x20 /usr/local/CrossPack-AVR-20131216/lib/gcc/avr/4.8.1/avr4/libgcc.a(_negsi2.o)
 .debug_aranges
                0x000000e0       0x20 /usr/local/CrossPack-AVR-20131216/lib/gcc/avr/4.8.1/avr4/libgcc.a(_muluhisi3.o)
 .debug_aranges
                0x00000100       0x20 /usr/local/CrossPack-AVR-20131216/lib/gcc/avr/4.8.1/avr4/libgcc.a(_mulshisi3.o)
 .debug_aranges
                0x00000120       0x20 /usr/local/CrossPack-AVR-20131216/lib/gcc/avr/4.8.1/avr4/libgcc.a(_udivmodsi4.o)
 .debug_aranges
                0x00000140       0x20 /usr/local/CrossPack-AVR-20131216/lib/gcc/avr/4.8.1/avr4/libgcc.a(_umulhisi3.o)

.debug_pubnames
 *(.debug_pubnames)

.debug_info     0x00000000      0x82a
 *(.debug_info)
 .debug_info    0x00000000       0xbe /usr/local/CrossPack-AVR-20131216/lib/gcc/avr/4.8.1/avr4/libgcc.a(_divmodhi4.o)
 .debug_info    0x000000be       0xbe /usr/local/CrossPack-AVR-20131216/lib/gcc/avr/4.8.1/avr4/libgcc.a(_exit.o)
 .debug_info    0x0000017c       0xbe /usr/local/CrossPack-AVR-20131216/lib/gcc/avr/4.8.1/avr4/libgcc.a(_copy_data.o)
 .debug_info    0x0000023a       0xbe /usr/local/CrossPack-AVR-20131216/lib/gcc/avr/4.8.1/avr4/libgcc.a(_clear_bss.o)
 .debug_info    0x000002f8       0xbe /usr/local/CrossPack-AVR-20131216/lib/gcc/avr/4.8.1/avr4/libgcc.a(_udivmodhi4.o)
 .debug_info    0x000003b6       0xbe /usr/local/CrossPack-AVR-20131216/lib/gcc/avr/4.8.1/avr4/libgcc.a(_divmodsi4.o)
 .debug_info    0x00000474       0xbe /usr/local/CrossPack-AVR-20131216/lib/gcc/avr/4.8.1/avr4/libgcc.a(_negsi2.o)
 .debug_info    0x00000532       0xbe /usr/local/CrossPack-AVR-20131216/lib/gcc/avr/4.8.1/avr4/libgcc.a(_muluhisi3.o)
 .debug_info    0x000005f0       0xbe /usr/local/CrossPack-AVR-20131216/lib/gcc/avr/4.8.1/avr4/libgcc.a(_mulshisi3.o)
 .debug_info    0x000006ae       0xbe /usr/local/CrossPack-AVR-20131216/lib/gcc/avr/4.8.1/avr4/libgcc.a(_udivmodsi4.o)
 .debug_info    0x0000076c       0xbe /usr/local/CrossPack-AVR-20131216/lib/gcc/avr/4.8.1/avr4/libgcc.a(_umulhisi3.o)
 *(.gnu.linkonce.wi.*)

.debug_abbrev   0x00000000       0xdc
 *(.debug_abbrev)
 .debug_abbrev  0x00000000       0x14 /usr/local/CrossPack-AVR-20131216/lib/gcc/avr/4.8.1/avr4/libgcc.a(_divmodhi4.o)
 .debug_abbrev  0x00000014       0x14 /usr/local/CrossPack-AVR-20131216/lib/gcc/avr/4.8.1/avr4/libgcc.a(_exit.o)
 .debug_abbrev  0x00000028       0x14 /usr/local/CrossPack-AVR-20131216/lib/gcc/avr/4.8.1/avr4/libgcc.a(_copy_data.o)
 .debug_abbrev  0x0000003c       0x14 /usr/local/CrossPack-AVR-20131216/lib/gcc/avr/4.8.1/avr4/libgcc.a(_clear_bss.o)
 .debug_abbrev  0x00000050       0x14 /usr/local/CrossPack-AVR-20131216/lib/gcc/avr/4.8.1/avr4/libgcc.a(_udivmodhi4.o)
 .debug_abbrev  0x00000064       0x14 /usr/local/CrossPack-AVR-20131216/lib/gcc/avr/4.8.1/avr4/libgcc.a(_divmodsi4.o)
 .debug_abbrev  0x00000078       0x14 /usr/local/CrossPack-AVR-20131216/lib/gcc/avr/4.8.1/avr4/libgcc.a(_negsi2.o)
 .debug_abbrev  0x0000008c       0x14 /usr/local/CrossPack-AVR-20131216/lib/gcc/avr/4.8.1/avr4/libgcc.a(_muluhisi3.o)
 .debug_abbrev  0x000000a0       0x14 /usr/local/CrossPack-AVR-20131216/lib/gcc/avr/4.8.1/avr4/libgcc.a(_mulshisi3.o)
 .debug_abbrev  0x000000b4       0x14 /usr/local/CrossPack-AVR-20131216/lib/gcc/avr/4.8.1/avr4/libgcc.a(_udivmodsi4.o)
 .debug_abbrev  0x000000c8       0x14 /usr/local/CrossPack-AVR-20131216/lib/gcc/avr/4.8.1/avr4/libgcc.a(_umulhisi3.o)

.debug_line     0x00000000      0x444
 *(.debug_line)
 .debug_line    0x00000000       0x69 /usr/local/CrossPack-AVR-20131216/lib/gcc/avr/4.8.1/avr4/libgcc.a(_divmodhi4.o)
 .debug_line    0x00000069       0x58 /usr/local/CrossPack-AVR-20131216/lib/gcc/avr/4.8.1/avr4/libgcc.a(_exit.o)
 .debug_line    0x000000c1       0x61 /usr/local/CrossPack-AVR-20131216/lib/gcc/avr/4.8.1/avr4/libgcc.a(_copy_data.o)
 .debug_line    0x00000122       0x5e /usr/local/CrossPack-AVR-20131216/lib/gcc/avr/4.8.1/avr4/libgcc.a(_clear_bss.o)
 .debug_line    0x00000180       0x6a /usr/local/CrossPack-AVR-20131216/lib/gcc/avr/4.8.1/avr4/libgcc.a(_udivmodhi4.o)
 .debug_line    0x000001ea       0x6a /usr/local/CrossPack-AVR-20131216/lib/gcc/avr/4.8.1/avr4/libgcc.a(_divmodsi4.o)
 .debug_line    0x00000254       0x58 /usr/local/CrossPack-AVR-20131216/lib/gcc/avr/4.8.1/avr4/libgcc.a(_negsi2.o)
 .debug_line    0x000002ac       0x60 /usr/local/CrossPack-AVR-20131216/lib/gcc/avr/4.8.1/avr4/libgcc.a(_muluhisi3.o)
 .debug_line    0x0000030c       0x5c /usr/local/CrossPack-AVR-20131216/lib/gcc/avr/4.8.1/avr4/libgcc.a(_mulshisi3.o)
 .debug_line    0x00000368       0x78 /usr/local/CrossPack-AVR-20131216/lib/gcc/avr/4.8.1/avr4/libgcc.a(_udivmodsi4.o)
 .debug_line    0x000003e0       0x64 /usr/local/CrossPack-AVR-20131216/lib/gcc/avr/4.8.1/avr4/libgcc.a(_umulhisi3.o)

.debug_frame
 *(.debug_frame)

.debug_str
 *(.debug_str)

.debug_loc
 *(.debug_loc)

.debug_macinfo
 *(.debug_macinfo)

.debug_pubtypes
 *(.debug_pubtypes)

.debug_ranges
 *(.debug_ranges)

.debug_macro
 *(.debug_macro)
OUTPUT(osero.elf elf32-avr)
LOAD linker stubs
